Archive member included to satisfy reference by file (symbol)

/usr/lib/gcc/arm-none-eabi/7.3.1/thumb/v6-m/libgcc.a(_dvmd_tls.o)
                              CMakeFiles/rtcSet.dir/home/nick/pico/pico-sdk/src/rp2_common/pico_divider/divider.S.obj (__aeabi_idiv0)
/usr/lib/gcc/arm-none-eabi/7.3.1/../../../arm-none-eabi/lib/thumb/v6-m/libg.a(lib_a-atexit.o)
                              /usr/lib/gcc/arm-none-eabi/7.3.1/../../../arm-none-eabi/lib/thumb/v6-m/crt0.o (atexit)
/usr/lib/gcc/arm-none-eabi/7.3.1/../../../arm-none-eabi/lib/thumb/v6-m/libg.a(lib_a-calloc.o)
                              CMakeFiles/rtcSet.dir/home/nick/pico/pico-sdk/src/rp2_common/pico_malloc/pico_malloc.c.obj (calloc)
/usr/lib/gcc/arm-none-eabi/7.3.1/../../../arm-none-eabi/lib/thumb/v6-m/libg.a(lib_a-callocr.o)
                              /usr/lib/gcc/arm-none-eabi/7.3.1/../../../arm-none-eabi/lib/thumb/v6-m/libg.a(lib_a-calloc.o) (_calloc_r)
/usr/lib/gcc/arm-none-eabi/7.3.1/../../../arm-none-eabi/lib/thumb/v6-m/libg.a(lib_a-fini.o)
                              /usr/lib/gcc/arm-none-eabi/7.3.1/../../../arm-none-eabi/lib/thumb/v6-m/crt0.o (__libc_fini_array)
/usr/lib/gcc/arm-none-eabi/7.3.1/../../../arm-none-eabi/lib/thumb/v6-m/libg.a(lib_a-impure.o)
                              /usr/lib/gcc/arm-none-eabi/7.3.1/../../../arm-none-eabi/lib/thumb/v6-m/libg.a(lib_a-calloc.o) (_impure_ptr)
/usr/lib/gcc/arm-none-eabi/7.3.1/../../../arm-none-eabi/lib/thumb/v6-m/libg.a(lib_a-init.o)
                              /usr/lib/gcc/arm-none-eabi/7.3.1/../../../arm-none-eabi/lib/thumb/v6-m/crt0.o (__libc_init_array)
/usr/lib/gcc/arm-none-eabi/7.3.1/../../../arm-none-eabi/lib/thumb/v6-m/libg.a(lib_a-malloc.o)
                              CMakeFiles/rtcSet.dir/home/nick/pico/pico-sdk/src/rp2_common/pico_malloc/pico_malloc.c.obj (malloc)
/usr/lib/gcc/arm-none-eabi/7.3.1/../../../arm-none-eabi/lib/thumb/v6-m/libg.a(lib_a-mallocr.o)
                              /usr/lib/gcc/arm-none-eabi/7.3.1/../../../arm-none-eabi/lib/thumb/v6-m/libg.a(lib_a-callocr.o) (_malloc_r)
/usr/lib/gcc/arm-none-eabi/7.3.1/../../../arm-none-eabi/lib/thumb/v6-m/libg.a(lib_a-mlock.o)
                              /usr/lib/gcc/arm-none-eabi/7.3.1/../../../arm-none-eabi/lib/thumb/v6-m/libg.a(lib_a-mallocr.o) (__malloc_lock)
/usr/lib/gcc/arm-none-eabi/7.3.1/../../../arm-none-eabi/lib/thumb/v6-m/libg.a(lib_a-sbrkr.o)
                              /usr/lib/gcc/arm-none-eabi/7.3.1/../../../arm-none-eabi/lib/thumb/v6-m/libg.a(lib_a-mallocr.o) (_sbrk_r)
/usr/lib/gcc/arm-none-eabi/7.3.1/../../../arm-none-eabi/lib/thumb/v6-m/libg.a(lib_a-strlen-stub.o)
                              CMakeFiles/rtcSet.dir/home/nick/pico/pico-sdk/src/rp2_common/pico_stdio/stdio.c.obj (strlen)
/usr/lib/gcc/arm-none-eabi/7.3.1/../../../arm-none-eabi/lib/thumb/v6-m/libg.a(lib_a-__atexit.o)
                              /usr/lib/gcc/arm-none-eabi/7.3.1/../../../arm-none-eabi/lib/thumb/v6-m/libg.a(lib_a-atexit.o) (__register_exitproc)
/usr/lib/gcc/arm-none-eabi/7.3.1/../../../arm-none-eabi/lib/thumb/v6-m/libg.a(lib_a-freer.o)
                              /usr/lib/gcc/arm-none-eabi/7.3.1/../../../arm-none-eabi/lib/thumb/v6-m/libg.a(lib_a-malloc.o) (_free_r)
/usr/lib/gcc/arm-none-eabi/7.3.1/../../../arm-none-eabi/lib/thumb/v6-m/libg.a(lib_a-reent.o)
                              /usr/lib/gcc/arm-none-eabi/7.3.1/../../../arm-none-eabi/lib/thumb/v6-m/libg.a(lib_a-sbrkr.o) (errno)

Allocating common symbols
Common symbol       size              file

sf_table            0x100             CMakeFiles/rtcSet.dir/home/nick/pico/pico-sdk/src/rp2_common/pico_float/float_init_rom.c.obj
errno               0x4               /usr/lib/gcc/arm-none-eabi/7.3.1/../../../arm-none-eabi/lib/thumb/v6-m/libg.a(lib_a-reent.o)
sf_clz_func         0x4               CMakeFiles/rtcSet.dir/home/nick/pico/pico-sdk/src/rp2_common/pico_float/float_init_rom.c.obj
sd_table            0x100             CMakeFiles/rtcSet.dir/home/nick/pico/pico-sdk/src/rp2_common/pico_double/double_init_rom.c.obj
uart_char_to_line_feed
                    0x4               CMakeFiles/rtcSet.dir/home/nick/pico/pico-sdk/src/rp2_common/hardware_uart/uart.c.obj

Discarded input sections

 .text          0x0000000000000000        0x0 /usr/lib/gcc/arm-none-eabi/7.3.1/thumb/v6-m/crti.o
 .data          0x0000000000000000        0x0 /usr/lib/gcc/arm-none-eabi/7.3.1/thumb/v6-m/crti.o
 .bss           0x0000000000000000        0x0 /usr/lib/gcc/arm-none-eabi/7.3.1/thumb/v6-m/crti.o
 .data          0x0000000000000000        0x4 /usr/lib/gcc/arm-none-eabi/7.3.1/thumb/v6-m/crtbegin.o
 .fini_array    0x0000000000000000        0x4 /usr/lib/gcc/arm-none-eabi/7.3.1/thumb/v6-m/crtbegin.o
 .text          0x0000000000000000       0x6c /usr/lib/gcc/arm-none-eabi/7.3.1/../../../arm-none-eabi/lib/thumb/v6-m/crt0.o
 .data          0x0000000000000000        0x0 /usr/lib/gcc/arm-none-eabi/7.3.1/../../../arm-none-eabi/lib/thumb/v6-m/crt0.o
[...]
Memory Configuration

Name             Origin             Length             Attributes
FLASH            0x0000000010000000 0x0000000000200000 xr
RAM              0x0000000020000000 0x0000000000040000 xrw
SCRATCH_X        0x0000000020040000 0x0000000000001000 xrw
SCRATCH_Y        0x0000000020041000 0x0000000000001000 xrw
*default*        0x0000000000000000 0xffffffffffffffff

Linker script and memory map

LOAD /usr/lib/gcc/arm-none-eabi/7.3.1/thumb/v6-m/crti.o
LOAD /usr/lib/gcc/arm-none-eabi/7.3.1/thumb/v6-m/crtbegin.o
LOAD /usr/lib/gcc/arm-none-eabi/7.3.1/../../../arm-none-eabi/lib/thumb/v6-m/crt0.o

.flash_begin    0x0000000010000000        0x0
                0x0000000010000000                __flash_binary_start = .

.boot2          0x0000000010000000      0x100
                0x0000000010000000                __boot2_start__ = .
 *(.boot2)
 .boot2         0x0000000010000000      0x100 /tmp/ccMVtzy3.o
                0x0000000010000100                __boot2_end__ = .
                0x0000000000000001                ASSERT (((__boot2_end__ - __boot2_start__) == 0x100), ERROR: Pico second stage bootloader must be 256 bytes in size)

.text           0x0000000010000100     0x49f0
                0x0000000010000100                __logical_binary_start = .
 *(.vectors)
 .vectors       0x0000000010000100       0xd4 CMakeFiles/rtcSet.dir/home/nick/pico/pico-sdk/src/rp2_common/pico_standard_link/crt0.S.obj
                0x0000000010000100                __vectors
                0x00000000100001c0                isr_invalid
                0x00000000100001c2                isr_nmi
                0x00000000100001c4                isr_hardfault
                0x00000000100001c6                isr_svcall
                0x00000000100001c8                isr_pendsv
                0x00000000100001ca                isr_systick
                0x00000000100001cc                isr_irq30
                0x00000000100001cc                __unhandled_user_irq
                0x00000000100001cc                isr_irq13
                0x00000000100001cc                isr_irq27
                0x00000000100001cc                isr_irq31
                0x00000000100001cc                isr_irq5
                0x00000000100001cc                isr_irq11
                0x00000000100001cc                isr_irq23
                0x00000000100001cc                isr_irq18
                0x00000000100001cc                isr_irq28
                0x00000000100001cc                isr_irq19
                0x00000000100001cc                isr_irq0
                0x00000000100001cc                isr_irq6
                0x00000000100001cc                isr_irq22
                0x00000000100001cc                isr_irq17
                0x00000000100001cc                isr_irq14
                0x00000000100001cc                isr_irq2
                0x00000000100001cc                isr_irq10
                0x00000000100001cc                isr_irq8
                0x00000000100001cc                isr_irq24
                0x00000000100001cc                isr_irq1
                0x00000000100001cc                isr_irq7
                0x00000000100001cc                isr_irq21
                0x00000000100001cc                isr_irq20
                0x00000000100001cc                isr_irq15
                0x00000000100001cc                isr_irq25
                0x00000000100001cc                isr_irq4
                0x00000000100001cc                isr_irq16
                0x00000000100001cc                isr_irq29
                0x00000000100001cc                isr_irq26
                0x00000000100001cc                isr_irq3
                0x00000000100001cc                isr_irq12
                0x00000000100001cc                isr_irq9
                0x00000000100001d2                unhandled_user_irq_num_in_r0
 *(.binary_info_header)
 .binary_info_header
                0x00000000100001d4       0x14 CMakeFiles/rtcSet.dir/home/nick/pico/pico-sdk/src/rp2_common/pico_standard_link/crt0.S.obj
                0x00000000100001e8                __binary_info_header_end = .
 *(.reset)
 .reset         0x00000000100001e8       0xa8 CMakeFiles/rtcSet.dir/home/nick/pico/pico-sdk/src/rp2_common/pico_standard_link/crt0.S.obj
                0x00000000100001e8                _entry_point
                0x0000000010000266                __get_current_exception
 .reset         0x0000000010000290       0x30 CMakeFiles/rtcSet.dir/home/nick/pico/pico-sdk/src/rp2_common/pico_standard_link/binary_info.c.obj
 *(.init)
 .init          0x00000000100002c0        0x4 /usr/lib/gcc/arm-none-eabi/7.3.1/thumb/v6-m/crti.o
                0x00000000100002c0                _init
 *(EXCLUDE_FILE(*libm.a: *libc.a:*lib_a-mem*.o *libgcc.a:) .text*)
 .text          0x00000000100002c4       0x98 /usr/lib/gcc/arm-none-eabi/7.3.1/thumb/v6-m/crtbegin.o
 .text.main     0x000000001000035c       0x44 CMakeFiles/rtcSet.dir/rtcSet.c.obj
                0x000000001000035c                main
 .text.gpio_set_function
                0x00000000100003a0       0x30 CMakeFiles/rtcSet.dir/home/nick/pico/pico-sdk/src/rp2_common/hardware_gpio/gpio.c.obj
                0x00000000100003a0                gpio_set_function
 .text.gpio_init
                0x00000000100003d0       0x16 CMakeFiles/rtcSet.dir/home/nick/pico/pico-sdk/src/rp2_common/hardware_gpio/gpio.c.obj
                0x00000000100003d0                gpio_init
 *fill*         0x00000000100003e6        0x2 
 .text.hw_claim_lock
                0x00000000100003e8       0x18 CMakeFiles/rtcSet.dir/home/nick/pico/pico-sdk/src/rp2_common/hardware_claim/claim.c.obj
                0x00000000100003e8                hw_claim_lock
 .text.hw_claim_unlock
                0x0000000010000400       0x14 CMakeFiles/rtcSet.dir/home/nick/pico/pico-sdk/src/rp2_common/hardware_claim/claim.c.obj
                0x0000000010000400                hw_claim_unlock
 .text.hw_claim_or_assert
                0x0000000010000414       0x34 CMakeFiles/rtcSet.dir/home/nick/pico/pico-sdk/src/rp2_common/hardware_claim/claim.c.obj
                0x0000000010000414                hw_claim_or_assert
 .text.spin_locks_reset
                0x0000000010000448       0x20 CMakeFiles/rtcSet.dir/home/nick/pico/pico-sdk/src/rp2_common/hardware_sync/sync.c.obj
                0x0000000010000448                spin_locks_reset
 .text.next_striped_spin_lock_num
                0x0000000010000468       0x1c CMakeFiles/rtcSet.dir/home/nick/pico/pico-sdk/src/rp2_common/hardware_sync/sync.c.obj
                0x0000000010000468                next_striped_spin_lock_num
 .text.running_on_fpga
                0x0000000010000484       0x14 CMakeFiles/rtcSet.dir/home/nick/pico/pico-sdk/src/rp2_common/pico_platform/platform.c.obj
                0x0000000010000484                running_on_fpga
 .text.uart_set_baudrate
                0x0000000010000498       0x60 CMakeFiles/rtcSet.dir/home/nick/pico/pico-sdk/src/rp2_common/hardware_uart/uart.c.obj
                0x0000000010000498                uart_set_baudrate
 .text.uart_set_translate_crlf
                0x00000000100004f8       0x28 CMakeFiles/rtcSet.dir/home/nick/pico/pico-sdk/src/rp2_common/hardware_uart/uart.c.obj
                0x00000000100004f8                uart_set_translate_crlf
 .text.uart_init
                0x0000000010000520       0x84 CMakeFiles/rtcSet.dir/home/nick/pico/pico-sdk/src/rp2_common/hardware_uart/uart.c.obj
                0x0000000010000520                uart_init
 .text.sev_callback
                0x00000000100005a4        0x8 CMakeFiles/rtcSet.dir/home/nick/pico/pico-sdk/src/common/pico_time/time.c.obj
 .text.timer_pool_entry_comparator
                0x00000000100005ac       0x7c CMakeFiles/rtcSet.dir/home/nick/pico/pico-sdk/src/common/pico_time/time.c.obj
                0x00000000100005ac                timer_pool_entry_comparator
 .text.ph_add_child_node
                0x0000000010000628       0xa4 CMakeFiles/rtcSet.dir/home/nick/pico/pico-sdk/src/common/pico_time/time.c.obj
 .text.ph_merge_nodes
                0x00000000100006cc       0x3a CMakeFiles/rtcSet.dir/home/nick/pico/pico-sdk/src/common/pico_time/time.c.obj
 *fill*         0x0000000010000706        0x2 
 .text.add_alarm_under_lock
                0x0000000010000708      0x178 CMakeFiles/rtcSet.dir/home/nick/pico/pico-sdk/src/common/pico_time/time.c.obj
 .text.alarm_pool_alarm_callback
                0x0000000010000880      0x2ec CMakeFiles/rtcSet.dir/home/nick/pico/pico-sdk/src/common/pico_time/time.c.obj
 .text.alarm_pool_get_default
                0x0000000010000b6c       0x28 CMakeFiles/rtcSet.dir/home/nick/pico/pico-sdk/src/common/pico_time/time.c.obj
                0x0000000010000b6c                alarm_pool_get_default
 .text.alarm_pool_create
                0x0000000010000b94       0x6c CMakeFiles/rtcSet.dir/home/nick/pico/pico-sdk/src/common/pico_time/time.c.obj
                0x0000000010000b94                alarm_pool_create
 .text.alarm_pool_init_default
                0x0000000010000c00       0x20 CMakeFiles/rtcSet.dir/home/nick/pico/pico-sdk/src/common/pico_time/time.c.obj
                0x0000000010000c00                alarm_pool_init_default
 .text.alarm_pool_add_alarm_at
                0x0000000010000c20      0x128 CMakeFiles/rtcSet.dir/home/nick/pico/pico-sdk/src/common/pico_time/time.c.obj
                0x0000000010000c20                alarm_pool_add_alarm_at
 .text.sleep_until
                0x0000000010000d48       0x94 CMakeFiles/rtcSet.dir/home/nick/pico/pico-sdk/src/common/pico_time/time.c.obj
                0x0000000010000d48                sleep_until
 .text.sleep_us
                0x0000000010000ddc       0x30 CMakeFiles/rtcSet.dir/home/nick/pico/pico-sdk/src/common/pico_time/time.c.obj
                0x0000000010000ddc                sleep_us
 .text.sleep_ms
                0x0000000010000e0c       0x14 CMakeFiles/rtcSet.dir/home/nick/pico/pico-sdk/src/common/pico_time/time.c.obj
                0x0000000010000e0c                sleep_ms
 .text.hardware_alarm_irq_handler
                0x0000000010000e20       0x8c CMakeFiles/rtcSet.dir/home/nick/pico/pico-sdk/src/rp2_common/hardware_timer/timer.c.obj
 .text.hardware_alarm_claim
                0x0000000010000eac       0x18 CMakeFiles/rtcSet.dir/home/nick/pico/pico-sdk/src/rp2_common/hardware_timer/timer.c.obj
                0x0000000010000eac                hardware_alarm_claim
 .text.time_us_64
                0x0000000010000ec4       0x18 CMakeFiles/rtcSet.dir/home/nick/pico/pico-sdk/src/rp2_common/hardware_timer/timer.c.obj
                0x0000000010000ec4                time_us_64
 .text.busy_wait_until
                0x0000000010000edc       0x28 CMakeFiles/rtcSet.dir/home/nick/pico/pico-sdk/src/rp2_common/hardware_timer/timer.c.obj
                0x0000000010000edc                busy_wait_until
 .text.hardware_alarm_set_callback
                0x0000000010000f04       0x90 CMakeFiles/rtcSet.dir/home/nick/pico/pico-sdk/src/rp2_common/hardware_timer/timer.c.obj
                0x0000000010000f04                hardware_alarm_set_callback
 .text.hardware_alarm_set_target
                0x0000000010000f94       0xd0 CMakeFiles/rtcSet.dir/home/nick/pico/pico-sdk/src/rp2_common/hardware_timer/timer.c.obj
                0x0000000010000f94                hardware_alarm_set_target
 .text.hardware_alarm_cancel
                0x0000000010001064       0x40 CMakeFiles/rtcSet.dir/home/nick/pico/pico-sdk/src/rp2_common/hardware_timer/timer.c.obj
                0x0000000010001064                hardware_alarm_cancel
 .text.lock_init
                0x00000000100010a4       0x30 CMakeFiles/rtcSet.dir/home/nick/pico/pico-sdk/src/common/pico_sync/lock_core.c.obj
                0x00000000100010a4                lock_init
 .text.mutex_init
                0x00000000100010d4       0x1a CMakeFiles/rtcSet.dir/home/nick/pico/pico-sdk/src/common/pico_sync/mutex.c.obj
                0x00000000100010d4                mutex_init
 *fill*         0x00000000100010ee        0x2 
 .text.ph_add_child_node
                0x00000000100010f0       0xa4 CMakeFiles/rtcSet.dir/home/nick/pico/pico-sdk/src/common/pico_util/pheap.c.obj
 .text.ph_merge_nodes
                0x0000000010001194       0x3a CMakeFiles/rtcSet.dir/home/nick/pico/pico-sdk/src/common/pico_util/pheap.c.obj
 *fill*         0x00000000100011ce        0x2 
 .text.ph_clear
                0x00000000100011d0       0x74 CMakeFiles/rtcSet.dir/home/nick/pico/pico-sdk/src/common/pico_util/pheap.c.obj
                0x00000000100011d0                ph_clear
 .text.ph_create
                0x0000000010001244       0x2c CMakeFiles/rtcSet.dir/home/nick/pico/pico-sdk/src/common/pico_util/pheap.c.obj
                0x0000000010001244                ph_create
 .text.ph_merge_two_pass
                0x0000000010001270       0xac CMakeFiles/rtcSet.dir/home/nick/pico/pico-sdk/src/common/pico_util/pheap.c.obj
                0x0000000010001270                ph_merge_two_pass
 .text.ph_remove_any_head
                0x000000001000131c      0x108 CMakeFiles/rtcSet.dir/home/nick/pico/pico-sdk/src/common/pico_util/pheap.c.obj
 .text.ph_remove_head_reserve
                0x0000000010001424       0x14 CMakeFiles/rtcSet.dir/home/nick/pico/pico-sdk/src/common/pico_util/pheap.c.obj
                0x0000000010001424                ph_remove_head_reserve
 .text.ph_delete
                0x0000000010001438       0xf8 CMakeFiles/rtcSet.dir/home/nick/pico/pico-sdk/src/common/pico_util/pheap.c.obj
                0x0000000010001438                ph_delete
 .text.runtime_init
                0x0000000010001530       0xcc CMakeFiles/rtcSet.dir/home/nick/pico/pico-sdk/src/rp2_common/pico_runtime/runtime.c.obj
                0x0000000010001530                runtime_init
 .text._exit    0x00000000100015fc        0x4 CMakeFiles/rtcSet.dir/home/nick/pico/pico-sdk/src/rp2_common/pico_runtime/runtime.c.obj
                0x00000000100015fc                _exit
 .text._sbrk    0x0000000010001600       0x38 CMakeFiles/rtcSet.dir/home/nick/pico/pico-sdk/src/rp2_common/pico_runtime/runtime.c.obj
                0x0000000010001600                _sbrk
 .text.exit     0x0000000010001638        0x6 CMakeFiles/rtcSet.dir/home/nick/pico/pico-sdk/src/rp2_common/pico_runtime/runtime.c.obj
                0x0000000010001638                exit
 *fill*         0x000000001000163e        0x2 
 .text.__assert_func
                0x0000000010001640       0x3c CMakeFiles/rtcSet.dir/home/nick/pico/pico-sdk/src/rp2_common/pico_runtime/runtime.c.obj
                0x0000000010001640                __assert_func
 .text.panic    0x000000001000167c       0x30 CMakeFiles/rtcSet.dir/home/nick/pico/pico-sdk/src/rp2_common/pico_runtime/runtime.c.obj
                0x000000001000167c                panic
 .text.clock_configure
                0x00000000100016ac       0xec CMakeFiles/rtcSet.dir/home/nick/pico/pico-sdk/src/rp2_common/hardware_clocks/clocks.c.obj
                0x00000000100016ac                clock_configure
 .text.clocks_init
                0x0000000010001798      0x124 CMakeFiles/rtcSet.dir/home/nick/pico/pico-sdk/src/rp2_common/hardware_clocks/clocks.c.obj
                0x0000000010001798                clocks_init
 .text.clock_get_hz
                0x00000000100018bc        0xc CMakeFiles/rtcSet.dir/home/nick/pico/pico-sdk/src/rp2_common/hardware_clocks/clocks.c.obj
                0x00000000100018bc                clock_get_hz
 .text.watchdog_start_tick
                0x00000000100018c8       0x10 CMakeFiles/rtcSet.dir/home/nick/pico/pico-sdk/src/rp2_common/hardware_watchdog/watchdog.c.obj
                0x00000000100018c8                watchdog_start_tick
 .text.xosc_init
                0x00000000100018d8       0x28 CMakeFiles/rtcSet.dir/home/nick/pico/pico-sdk/src/rp2_common/hardware_xosc/xosc.c.obj
                0x00000000100018d8                xosc_init
 .text.pll_init
                0x0000000010001900       0xd4 CMakeFiles/rtcSet.dir/home/nick/pico/pico-sdk/src/rp2_common/hardware_pll/pll.c.obj
                0x0000000010001900                pll_init
 .text.set_raw_irq_handler_and_unlock
                0x00000000100019d4       0x28 CMakeFiles/rtcSet.dir/home/nick/pico/pico-sdk/src/rp2_common/hardware_irq/irq.c.obj
 .text.make_branch
                0x00000000100019fc       0x34 CMakeFiles/rtcSet.dir/home/nick/pico/pico-sdk/src/rp2_common/hardware_irq/irq.c.obj
 .text.insert_branch_and_link
                0x0000000010001a30       0x40 CMakeFiles/rtcSet.dir/home/nick/pico/pico-sdk/src/rp2_common/hardware_irq/irq.c.obj
 .text.irq_is_enabled
                0x0000000010001a70       0x18 CMakeFiles/rtcSet.dir/home/nick/pico/pico-sdk/src/rp2_common/hardware_irq/irq.c.obj
                0x0000000010001a70                irq_is_enabled
 .text.irq_set_mask_enabled
                0x0000000010001a88       0x20 CMakeFiles/rtcSet.dir/home/nick/pico/pico-sdk/src/rp2_common/hardware_irq/irq.c.obj
                0x0000000010001a88                irq_set_mask_enabled
 .text.irq_set_enabled
                0x0000000010001aa8        0xe CMakeFiles/rtcSet.dir/home/nick/pico/pico-sdk/src/rp2_common/hardware_irq/irq.c.obj
                0x0000000010001aa8                irq_set_enabled
 *fill*         0x0000000010001ab6        0x2 
 .text.irq_get_vtable_handler
                0x0000000010001ab8       0x10 CMakeFiles/rtcSet.dir/home/nick/pico/pico-sdk/src/rp2_common/hardware_irq/irq.c.obj
                0x0000000010001ab8                irq_get_vtable_handler
 .text.irq_set_exclusive_handler
                0x0000000010001ac8       0x54 CMakeFiles/rtcSet.dir/home/nick/pico/pico-sdk/src/rp2_common/hardware_irq/irq.c.obj
                0x0000000010001ac8                irq_set_exclusive_handler
 .text.irq_remove_handler
                0x0000000010001b1c      0x1b8 CMakeFiles/rtcSet.dir/home/nick/pico/pico-sdk/src/rp2_common/hardware_irq/irq.c.obj
                0x0000000010001b1c                irq_remove_handler
 .text.irq_set_priority
                0x0000000010001cd4       0x28 CMakeFiles/rtcSet.dir/home/nick/pico/pico-sdk/src/rp2_common/hardware_irq/irq.c.obj
                0x0000000010001cd4                irq_set_priority
 .text.irq_add_tail_to_free_list
                0x0000000010001cfc       0xf8 CMakeFiles/rtcSet.dir/home/nick/pico/pico-sdk/src/rp2_common/hardware_irq/irq.c.obj
                0x0000000010001cfc                irq_add_tail_to_free_list
 .text.irq_init_priorities
                0x0000000010001df4       0x16 CMakeFiles/rtcSet.dir/home/nick/pico/pico-sdk/src/rp2_common/hardware_irq/irq.c.obj
                0x0000000010001df4                irq_init_priorities
 .text._out_null
                0x0000000010001e0a        0x2 CMakeFiles/rtcSet.dir/home/nick/pico/pico-sdk/src/rp2_common/pico_printf/printf.c.obj
 .text._out_fct
                0x0000000010001e0c        0xe CMakeFiles/rtcSet.dir/home/nick/pico/pico-sdk/src/rp2_common/pico_printf/printf.c.obj
 .text._atoi    0x0000000010001e1a       0x24 CMakeFiles/rtcSet.dir/home/nick/pico/pico-sdk/src/rp2_common/pico_printf/printf.c.obj
 .text._out_rev
                0x0000000010001e3e       0x8c CMakeFiles/rtcSet.dir/home/nick/pico/pico-sdk/src/rp2_common/pico_printf/printf.c.obj
 .text._ntoa_format
                0x0000000010001eca      0x112 CMakeFiles/rtcSet.dir/home/nick/pico/pico-sdk/src/rp2_common/pico_printf/printf.c.obj
 .text._ntoa_long
                0x0000000010001fdc       0x9e CMakeFiles/rtcSet.dir/home/nick/pico/pico-sdk/src/rp2_common/pico_printf/printf.c.obj
 .text._ntoa_long_long
                0x000000001000207a       0xe2 CMakeFiles/rtcSet.dir/home/nick/pico/pico-sdk/src/rp2_common/pico_printf/printf.c.obj
 .text._etoa    0x000000001000215c      0x3e8 CMakeFiles/rtcSet.dir/home/nick/pico/pico-sdk/src/rp2_common/pico_printf/printf.c.obj
 .text._ftoa    0x0000000010002544      0x340 CMakeFiles/rtcSet.dir/home/nick/pico/pico-sdk/src/rp2_common/pico_printf/printf.c.obj
 .text._vsnprintf
                0x0000000010002884      0x640 CMakeFiles/rtcSet.dir/home/nick/pico/pico-sdk/src/rp2_common/pico_printf/printf.c.obj
 .text.vfctprintf
                0x0000000010002ec4       0x20 CMakeFiles/rtcSet.dir/home/nick/pico/pico-sdk/src/rp2_common/pico_printf/printf.c.obj
                0x0000000010002ec4                vfctprintf
 .text          0x0000000010002ee4       0x10 CMakeFiles/rtcSet.dir/home/nick/pico/pico-sdk/src/rp2_common/pico_bit_ops/bit_ops_aeabi.S.obj
 .text.rom_func_lookup
                0x0000000010002ef4       0x10 CMakeFiles/rtcSet.dir/home/nick/pico/pico-sdk/src/rp2_common/pico_bootrom/bootrom.c.obj
                0x0000000010002ef4                rom_func_lookup
 .text.rom_data_lookup
                0x0000000010002f04       0x10 CMakeFiles/rtcSet.dir/home/nick/pico/pico-sdk/src/rp2_common/pico_bootrom/bootrom.c.obj
                0x0000000010002f04                rom_data_lookup
 .text.rom_funcs_lookup
                0x0000000010002f14       0x36 CMakeFiles/rtcSet.dir/home/nick/pico/pico-sdk/src/rp2_common/pico_bootrom/bootrom.c.obj
                0x0000000010002f14                rom_funcs_lookup
 *fill*         0x0000000010002f4a        0x2 
 .text.__wrap___aeabi_idiv
                0x0000000010002f4c       0x58 CMakeFiles/rtcSet.dir/home/nick/pico/pico-sdk/src/rp2_common/pico_divider/divider.S.obj
                0x0000000010002f4c                __wrap___aeabi_idivmod
                0x0000000010002f4c                divmod_s32s32
                0x0000000010002f4c                div_s32s32
                0x0000000010002f4c                __wrap___aeabi_idiv
                0x0000000010002f54                divmod_s32s32_unsafe
                0x0000000010002f80                divmod_s32s32_savestate
 .text.__wrap___aeabi_uidiv
                0x0000000010002fa4       0x54 CMakeFiles/rtcSet.dir/home/nick/pico/pico-sdk/src/rp2_common/pico_divider/divider.S.obj
                0x0000000010002fa4                __wrap___aeabi_uidiv
                0x0000000010002fa4                __wrap___aeabi_uidivmod
                0x0000000010002fa4                div_u32u32
                0x0000000010002fa4                divmod_u32u32
                0x0000000010002fac                divmod_u32u32_unsafe
                0x0000000010002fd4                divmod_u32u32_savestate
 .text.__wrap___aeabi_ldiv
                0x0000000010002ff8      0x430 CMakeFiles/rtcSet.dir/home/nick/pico/pico-sdk/src/rp2_common/pico_divider/divider.S.obj
                0x0000000010002ff8                div_s64s64
                0x0000000010002ff8                divmod_s64s64
                0x0000000010002ff8                __wrap___aeabi_ldivmod
                0x0000000010003030                div_u64u64
                0x0000000010003030                divmod_u64u64
                0x0000000010003030                __wrap___aeabi_uldivmod
                0x0000000010003040                divmod_u64u64_savestate
                0x0000000010003068                divmod_s64s64_unsafe
                0x00000000100030f0                divmod_u64u64_unsafe
 .text.__wrap___aeabi_darithmetic
                0x0000000010003428       0x54 CMakeFiles/rtcSet.dir/home/nick/pico/pico-sdk/src/rp2_common/pico_double/double_aeabi.S.obj
                0x0000000010003428                __wrap___aeabi_drsub
                0x000000001000342e                __wrap___aeabi_dsub
                0x0000000010003440                __wrap___aeabi_dadd
                0x0000000010003452                __wrap___aeabi_ddiv
                0x0000000010003464                __wrap___aeabi_dmul
 .text.__wrap___aeabi_cdcmple
                0x000000001000347c       0x6c CMakeFiles/rtcSet.dir/home/nick/pico/pico-sdk/src/rp2_common/pico_double/double_aeabi.S.obj
                0x000000001000347c                __wrap___aeabi_cdrcmple
                0x000000001000348c                __wrap___aeabi_cdcmple
                0x000000001000348c                __wrap___aeabi_cdcmpeq
 .text.__wrap___aeabi_dcmplt
                0x00000000100034e8        0xc CMakeFiles/rtcSet.dir/home/nick/pico/pico-sdk/src/rp2_common/pico_double/double_aeabi.S.obj
                0x00000000100034e8                __wrap___aeabi_dcmplt
 .text.__wrap___aeabi_dcmple
                0x00000000100034f4       0x10 CMakeFiles/rtcSet.dir/home/nick/pico/pico-sdk/src/rp2_common/pico_double/double_aeabi.S.obj
                0x00000000100034f4                __wrap___aeabi_dcmple
 .text.__wrap___aeabi_dcmpge
                0x0000000010003504       0x10 CMakeFiles/rtcSet.dir/home/nick/pico/pico-sdk/src/rp2_common/pico_double/double_aeabi.S.obj
                0x0000000010003504                __wrap___aeabi_dcmpge
 .text.__wrap___aeabi_dcmpgt
                0x0000000010003514        0xa CMakeFiles/rtcSet.dir/home/nick/pico/pico-sdk/src/rp2_common/pico_double/double_aeabi.S.obj
                0x0000000010003514                __wrap___aeabi_dcmpgt
 .text.__wrap___aeabi_dcmpun
                0x000000001000351e       0x1c CMakeFiles/rtcSet.dir/home/nick/pico/pico-sdk/src/rp2_common/pico_double/double_aeabi.S.obj
                0x000000001000351e                __wrap___aeabi_dcmpun
 *fill*         0x000000001000353a        0x2 
 .text.__wrap___aeabi_i2d
                0x000000001000353c       0x38 CMakeFiles/rtcSet.dir/home/nick/pico/pico-sdk/src/rp2_common/pico_double/double_aeabi.S.obj
                0x000000001000353c                __wrap___aeabi_ui2d
                0x0000000010003544                __wrap___aeabi_i2d
 .text.__wrap___aeabi_d2iz
                0x0000000010003574       0x48 CMakeFiles/rtcSet.dir/home/nick/pico/pico-sdk/src/rp2_common/pico_double/double_aeabi.S.obj
                0x0000000010003574                __wrap___aeabi_d2iz
                0x0000000010003574                double2int_z
 .text.__wrap___aeabi_d2uiz
                0x00000000100035bc       0x18 CMakeFiles/rtcSet.dir/home/nick/pico/pico-sdk/src/rp2_common/pico_double/double_aeabi.S.obj
                0x00000000100035bc                double2uint
                0x00000000100035bc                __wrap___aeabi_d2uiz
 .text.__aeabi_double_init
                0x00000000100035d4       0xb8 CMakeFiles/rtcSet.dir/home/nick/pico/pico-sdk/src/rp2_common/pico_double/double_init_rom.c.obj
                0x00000000100035d4                __aeabi_double_init
 .text.double_table_shim_on_use_helper
                0x000000001000368c       0x34 CMakeFiles/rtcSet.dir/home/nick/pico/pico-sdk/src/rp2_common/pico_double/double_v1_rom_shim.S.obj
                0x000000001000368c                double_table_shim_on_use_helper
 .text.__wrap___aeabi_dsub
                0x00000000100036c0       0x10 CMakeFiles/rtcSet.dir/home/nick/pico/pico-sdk/src/rp2_common/pico_double/double_v1_rom_shim.S.obj
                0x00000000100036c0                drsub_shim
                0x00000000100036c6                dsub_shim
 .text.dadd_shim
                0x00000000100036d0      0x15c CMakeFiles/rtcSet.dir/home/nick/pico/pico-sdk/src/rp2_common/pico_double/double_v1_rom_shim.S.obj
                0x00000000100036d0                dadd_shim
 .text.dmul_shim
                0x000000001000382c      0x15c CMakeFiles/rtcSet.dir/home/nick/pico/pico-sdk/src/rp2_common/pico_double/double_v1_rom_shim.S.obj
                0x000000001000382c                dmul_shim
 .text.ddiv_shim
                0x0000000010003988      0x1b0 CMakeFiles/rtcSet.dir/home/nick/pico/pico-sdk/src/rp2_common/pico_double/double_v1_rom_shim.S.obj
                0x0000000010003988                ddiv_shim
 .text.dcordic_rot_step
                0x0000000010003b38       0x7c CMakeFiles/rtcSet.dir/home/nick/pico/pico-sdk/src/rp2_common/pico_double/double_v1_rom_shim.S.obj
                0x0000000010003b38                dcordic_rot_step
 .text.double2uint_shim
                0x0000000010003bb4        0xe CMakeFiles/rtcSet.dir/home/nick/pico/pico-sdk/src/rp2_common/pico_double/double_v1_rom_shim.S.obj
                0x0000000010003bb4                double2uint_shim
                0x0000000010003bb6                double2ufix_shim
 *fill*         0x0000000010003bc2        0x2 
 .text.double2uint64_shim
                0x0000000010003bc4       0x6c CMakeFiles/rtcSet.dir/home/nick/pico/pico-sdk/src/rp2_common/pico_double/double_v1_rom_shim.S.obj
                0x0000000010003bc4                double2uint64_shim
                0x0000000010003bc6                double2ufix64_shim
                0x0000000010003be0                d2fix_a
 .text.dunpacks
                0x0000000010003c30       0x3c CMakeFiles/rtcSet.dir/home/nick/pico/pico-sdk/src/rp2_common/pico_double/double_v1_rom_shim.S.obj
                0x0000000010003c30                dunpacks
 .text.__aeabi_lmul
                0x0000000010003c6c       0x32 CMakeFiles/rtcSet.dir/home/nick/pico/pico-sdk/src/rp2_common/pico_int64_ops/pico_int64_ops_aeabi.S.obj
                0x0000000010003c6c                __wrap___aeabi_lmul
 *fill*         0x0000000010003c9e        0x2 
 .text.__aeabi_float_init
                0x0000000010003ca0       0xfc CMakeFiles/rtcSet.dir/home/nick/pico/pico-sdk/src/rp2_common/pico_float/float_init_rom.c.obj
                0x0000000010003ca0                __aeabi_float_init
 .text.float_table_shim_on_use_helper
                0x0000000010003d9c       0x34 CMakeFiles/rtcSet.dir/home/nick/pico/pico-sdk/src/rp2_common/pico_float/float_v1_rom_shim.S.obj
                0x0000000010003d9c                float_table_shim_on_use_helper
 .text.__wrap_malloc
                0x0000000010003dd0        0x8 CMakeFiles/rtcSet.dir/home/nick/pico/pico-sdk/src/rp2_common/pico_malloc/pico_malloc.c.obj
                0x0000000010003dd0                __wrap_malloc
 .text.__wrap_calloc
                0x0000000010003dd8        0x8 CMakeFiles/rtcSet.dir/home/nick/pico/pico-sdk/src/rp2_common/pico_malloc/pico_malloc.c.obj
                0x0000000010003dd8                __wrap_calloc
 .text          0x0000000010003de0       0x10 CMakeFiles/rtcSet.dir/home/nick/pico/pico-sdk/src/rp2_common/pico_mem_ops/mem_ops_aeabi.S.obj
                0x0000000010003de0                __aeabi_mem_init
 .text.memset   0x0000000010003df0        0xc CMakeFiles/rtcSet.dir/home/nick/pico/pico-sdk/src/rp2_common/pico_mem_ops/mem_ops_aeabi.S.obj
                0x0000000010003df0                __wrap_memset
 .text.memcpy   0x0000000010003dfc        0xc CMakeFiles/rtcSet.dir/home/nick/pico/pico-sdk/src/rp2_common/pico_mem_ops/mem_ops_aeabi.S.obj
                0x0000000010003dfc                __wrap___aeabi_memcpy
                0x0000000010003dfc                __wrap_memcpy
 .text.stdio_out_chars_crlf
                0x0000000010003e08       0x80 CMakeFiles/rtcSet.dir/home/nick/pico/pico-sdk/src/rp2_common/pico_stdio/stdio.c.obj
 .text.stdio_stack_buffer_flush
                0x0000000010003e88       0x44 CMakeFiles/rtcSet.dir/home/nick/pico/pico-sdk/src/rp2_common/pico_stdio/stdio.c.obj
 .text.stdio_buffered_printer
                0x0000000010003ecc       0x20 CMakeFiles/rtcSet.dir/home/nick/pico/pico-sdk/src/rp2_common/pico_stdio/stdio.c.obj
 .text.stdout_serialize_begin
                0x0000000010003eec       0x2c CMakeFiles/rtcSet.dir/home/nick/pico/pico-sdk/src/rp2_common/pico_stdio/stdio.c.obj
                0x0000000010003eec                stdout_serialize_begin
 .text.stdout_serialize_end
                0x0000000010003f18       0x10 CMakeFiles/rtcSet.dir/home/nick/pico/pico-sdk/src/rp2_common/pico_stdio/stdio.c.obj
                0x0000000010003f18                stdout_serialize_end
 .text.stdio_put_string
                0x0000000010003f28       0x78 CMakeFiles/rtcSet.dir/home/nick/pico/pico-sdk/src/rp2_common/pico_stdio/stdio.c.obj
 .text.stdio_set_driver_enabled
                0x0000000010003fa0       0x38 CMakeFiles/rtcSet.dir/home/nick/pico/pico-sdk/src/rp2_common/pico_stdio/stdio.c.obj
                0x0000000010003fa0                stdio_set_driver_enabled
 .text.stdio_flush
                0x0000000010003fd8       0x20 CMakeFiles/rtcSet.dir/home/nick/pico/pico-sdk/src/rp2_common/pico_stdio/stdio.c.obj
                0x0000000010003fd8                stdio_flush
 .text.__wrap_puts
                0x0000000010003ff8       0x1c CMakeFiles/rtcSet.dir/home/nick/pico/pico-sdk/src/rp2_common/pico_stdio/stdio.c.obj
                0x0000000010003ff8                __wrap_puts
 .text.__wrap_vprintf
                0x0000000010004014       0x44 CMakeFiles/rtcSet.dir/home/nick/pico/pico-sdk/src/rp2_common/pico_stdio/stdio.c.obj
                0x0000000010004014                __wrap_vprintf
 .text.__wrap_printf
                0x0000000010004058       0x18 CMakeFiles/rtcSet.dir/home/nick/pico/pico-sdk/src/rp2_common/pico_stdio/stdio.c.obj
                0x0000000010004058                __wrap_printf
 .text.stdio_init_all
                0x0000000010004070        0x8 CMakeFiles/rtcSet.dir/home/nick/pico/pico-sdk/src/rp2_common/pico_stdio/stdio.c.obj
                0x0000000010004070                stdio_init_all
 .text.stdio_uart_out_chars
                0x0000000010004078       0x68 CMakeFiles/rtcSet.dir/home/nick/pico/pico-sdk/src/rp2_common/pico_stdio_uart/stdio_uart.c.obj
 .text.stdio_uart_in_chars
                0x00000000100040e0       0x54 CMakeFiles/rtcSet.dir/home/nick/pico/pico-sdk/src/rp2_common/pico_stdio_uart/stdio_uart.c.obj
                0x00000000100040e0                stdio_uart_in_chars
 .text.stdio_uart_init_full
                0x0000000010004134       0x34 CMakeFiles/rtcSet.dir/home/nick/pico/pico-sdk/src/rp2_common/pico_stdio_uart/stdio_uart.c.obj
                0x0000000010004134                stdio_uart_init_full
 .text.stdio_uart_init
                0x0000000010004168       0x28 CMakeFiles/rtcSet.dir/home/nick/pico/pico-sdk/src/rp2_common/pico_stdio_uart/stdio_uart.c.obj
                0x0000000010004168                stdio_uart_init
 .text          0x0000000010004190       0x18 /usr/lib/gcc/arm-none-eabi/7.3.1/../../../arm-none-eabi/lib/thumb/v6-m/libg.a(lib_a-calloc.o)
                0x0000000010004190                calloc
 .text          0x00000000100041a8       0x58 /usr/lib/gcc/arm-none-eabi/7.3.1/../../../arm-none-eabi/lib/thumb/v6-m/libg.a(lib_a-callocr.o)
                0x00000000100041a8                _calloc_r
 .text          0x0000000010004200       0x28 /usr/lib/gcc/arm-none-eabi/7.3.1/../../../arm-none-eabi/lib/thumb/v6-m/libg.a(lib_a-malloc.o)
                0x0000000010004200                malloc
                0x0000000010004214                free
 .text          0x0000000010004228      0x570 /usr/lib/gcc/arm-none-eabi/7.3.1/../../../arm-none-eabi/lib/thumb/v6-m/libg.a(lib_a-mallocr.o)
                0x0000000010004228                _malloc_r
 .text          0x0000000010004798        0x8 /usr/lib/gcc/arm-none-eabi/7.3.1/../../../arm-none-eabi/lib/thumb/v6-m/libg.a(lib_a-mlock.o)
                0x0000000010004798                __malloc_lock
                0x000000001000479c                __malloc_unlock
 .text          0x00000000100047a0       0x24 /usr/lib/gcc/arm-none-eabi/7.3.1/../../../arm-none-eabi/lib/thumb/v6-m/libg.a(lib_a-sbrkr.o)
                0x00000000100047a0                _sbrk_r
 .text          0x00000000100047c4       0x64 /usr/lib/gcc/arm-none-eabi/7.3.1/../../../arm-none-eabi/lib/thumb/v6-m/libg.a(lib_a-strlen-stub.o)
                0x00000000100047c4                strlen
 .text          0x0000000010004828      0x274 /usr/lib/gcc/arm-none-eabi/7.3.1/../../../arm-none-eabi/lib/thumb/v6-m/libg.a(lib_a-freer.o)
                0x0000000010004828                _malloc_trim_r
                0x00000000100048c8                _free_r
 *(.fini)
 .fini          0x0000000010004a9c        0x4 /usr/lib/gcc/arm-none-eabi/7.3.1/thumb/v6-m/crti.o
                0x0000000010004a9c                _fini
 .fini.__stub   0x0000000010004aa0       0x50 linker stubs
 *crtbegin.o(.ctors)
 *crtbegin?.o(.ctors)
 *(EXCLUDE_FILE(*crtend.o *crtend?.o) .ctors)
 *(SORT_BY_NAME(.ctors.*))
 *(.ctors)
 *crtbegin.o(.dtors)
 *crtbegin?.o(.dtors)
 *(EXCLUDE_FILE(*crtend.o *crtend?.o) .dtors)
 *(SORT_BY_NAME(.dtors.*))
 *(.dtors)
 *(.eh_frame*)
 .eh_frame      0x0000000010004af0        0x0 /usr/lib/gcc/arm-none-eabi/7.3.1/thumb/v6-m/crtbegin.o
                0x0000000010004af0                . = ALIGN (0x4)

.glue_7         0x0000000010004af0        0x0
 .glue_7        0x0000000010004af0        0x0 linker stubs

.glue_7t        0x0000000010004af0        0x0
 .glue_7t       0x0000000010004af0        0x0 linker stubs

.vfp11_veneer   0x0000000010004af0        0x0
 .vfp11_veneer  0x0000000010004af0        0x0 linker stubs

.v4_bx          0x0000000010004af0        0x0
 .v4_bx         0x0000000010004af0        0x0 linker stubs

.iplt           0x0000000010004af0        0x0
 .iplt          0x0000000010004af0        0x0 /usr/lib/gcc/arm-none-eabi/7.3.1/thumb/v6-m/crtbegin.o

.rodata         0x0000000010004af0      0xd10
 *(EXCLUDE_FILE(*libm.a: *libc.a:*lib_a-mem*.o *libgcc.a:) .rodata*)
 .rodata.main.str1.4
                0x0000000010004af0       0x10 CMakeFiles/rtcSet.dir/rtcSet.c.obj
 .rodata.__func__.5862
                0x0000000010004b00        0xc CMakeFiles/rtcSet.dir/home/nick/pico/pico-sdk/src/common/pico_time/time.c.obj
 .rodata.__func__.5869
                0x0000000010004b0c       0x12 CMakeFiles/rtcSet.dir/home/nick/pico/pico-sdk/src/common/pico_time/time.c.obj
 *fill*         0x0000000010004b1e        0x2 
 .rodata.__func__.5884
                0x0000000010004b20        0xa CMakeFiles/rtcSet.dir/home/nick/pico/pico-sdk/src/common/pico_time/time.c.obj
 *fill*         0x0000000010004b2a        0x2 
 .rodata.__func__.5906
                0x0000000010004b2c       0x14 CMakeFiles/rtcSet.dir/home/nick/pico/pico-sdk/src/common/pico_time/time.c.obj
 .rodata.__func__.6176
                0x0000000010004b40       0x17 CMakeFiles/rtcSet.dir/home/nick/pico/pico-sdk/src/common/pico_time/time.c.obj
 *fill*         0x0000000010004b57        0x1 
 .rodata.__func__.6181
                0x0000000010004b58        0xa CMakeFiles/rtcSet.dir/home/nick/pico/pico-sdk/src/common/pico_time/time.c.obj
 *fill*         0x0000000010004b62        0x2 
 .rodata.__func__.6186
                0x0000000010004b64       0x12 CMakeFiles/rtcSet.dir/home/nick/pico/pico-sdk/src/common/pico_time/time.c.obj
 *fill*         0x0000000010004b76        0x2 
 .rodata.__func__.6207
                0x0000000010004b78       0x15 CMakeFiles/rtcSet.dir/home/nick/pico/pico-sdk/src/common/pico_time/time.c.obj
 *fill*         0x0000000010004b8d        0x3 
 .rodata.__func__.6224
                0x0000000010004b90       0x1a CMakeFiles/rtcSet.dir/home/nick/pico/pico-sdk/src/common/pico_time/time.c.obj
 *fill*         0x0000000010004baa        0x2 
 .rodata.add_alarm_under_lock.str1.4
                0x0000000010004bac       0x27 CMakeFiles/rtcSet.dir/home/nick/pico/pico-sdk/src/common/pico_time/time.c.obj
 *fill*         0x0000000010004bd3        0x1 
 .rodata.alarm_pool_alarm_callback.str1.4
                0x0000000010004bd4       0x7d CMakeFiles/rtcSet.dir/home/nick/pico/pico-sdk/src/common/pico_time/time.c.obj
 *fill*         0x0000000010004c51        0x3 
 .rodata.alarm_pool_dump_key.str1.4
                0x0000000010004c54       0x6b CMakeFiles/rtcSet.dir/home/nick/pico/pico-sdk/src/common/pico_time/time.c.obj
 *fill*         0x0000000010004cbf        0x1 
 .rodata.alarm_pool_get_default.str1.4
                0x0000000010004cc0       0x13 CMakeFiles/rtcSet.dir/home/nick/pico/pico-sdk/src/common/pico_time/time.c.obj
 *fill*         0x0000000010004cd3        0x1 
 .rodata.ph_add_child_node.str1.4
                0x0000000010004cd4       0x92 CMakeFiles/rtcSet.dir/home/nick/pico/pico-sdk/src/common/pico_time/time.c.obj
 *fill*         0x0000000010004d66        0x2 
 .rodata.__func__.4462
                0x0000000010004d68       0x1a CMakeFiles/rtcSet.dir/home/nick/pico/pico-sdk/src/rp2_common/hardware_timer/timer.c.obj
 *fill*         0x0000000010004d82        0x2 
 .rodata.hardware_alarm_claim.str1.4
                0x0000000010004d84       0x22 CMakeFiles/rtcSet.dir/home/nick/pico/pico-sdk/src/rp2_common/hardware_timer/timer.c.obj
 *fill*         0x0000000010004da6        0x2 
 .rodata.hardware_alarm_set_target.str1.4
                0x0000000010004da8       0x63 CMakeFiles/rtcSet.dir/home/nick/pico/pico-sdk/src/rp2_common/hardware_timer/timer.c.obj
 *fill*         0x0000000010004e0b        0x1 
 .rodata.__func__.4304
                0x0000000010004e0c        0xa CMakeFiles/rtcSet.dir/home/nick/pico/pico-sdk/src/common/pico_sync/lock_core.c.obj
 *fill*         0x0000000010004e16        0x2 
 .rodata.lock_init.str1.4
                0x0000000010004e18       0x66 CMakeFiles/rtcSet.dir/home/nick/pico/pico-sdk/src/common/pico_sync/lock_core.c.obj
 *fill*         0x0000000010004e7e        0x2 
 .rodata.__func__.4519
                0x0000000010004e80       0x15 CMakeFiles/rtcSet.dir/home/nick/pico/pico-sdk/src/common/pico_sync/mutex.c.obj
 *fill*         0x0000000010004e95        0x3 
 .rodata.__func__.4547
                0x0000000010004e98        0xb CMakeFiles/rtcSet.dir/home/nick/pico/pico-sdk/src/common/pico_sync/mutex.c.obj
 *fill*         0x0000000010004ea3        0x1 
 .rodata.str1.4
                0x0000000010004ea4       0x5c CMakeFiles/rtcSet.dir/home/nick/pico/pico-sdk/src/common/pico_sync/mutex.c.obj
 .rodata.__func__.5643
                0x0000000010004f00        0xc CMakeFiles/rtcSet.dir/home/nick/pico/pico-sdk/src/common/pico_util/pheap.c.obj
 .rodata.__func__.5650
                0x0000000010004f0c       0x12 CMakeFiles/rtcSet.dir/home/nick/pico/pico-sdk/src/common/pico_util/pheap.c.obj
 *fill*         0x0000000010004f1e        0x2 
 .rodata.__func__.5723
                0x0000000010004f20       0x13 CMakeFiles/rtcSet.dir/home/nick/pico/pico-sdk/src/common/pico_util/pheap.c.obj
 *fill*         0x0000000010004f33        0x1 
 .rodata.__func__.5741
                0x0000000010004f34        0xa CMakeFiles/rtcSet.dir/home/nick/pico/pico-sdk/src/common/pico_util/pheap.c.obj
 .rodata.ph_add_child_node.str1.4
                0x0000000010004f3e       0x92 CMakeFiles/rtcSet.dir/home/nick/pico/pico-sdk/src/common/pico_util/pheap.c.obj
 *fill*         0x0000000010004f3e        0x2 
 .rodata.ph_delete.str1.4
                0x0000000010004f40       0x26 CMakeFiles/rtcSet.dir/home/nick/pico/pico-sdk/src/common/pico_util/pheap.c.obj
 *fill*         0x0000000010004f66        0x2 
 .rodata.ph_remove_any_head.str1.4
                0x0000000010004f68       0x8c CMakeFiles/rtcSet.dir/home/nick/pico/pico-sdk/src/common/pico_util/pheap.c.obj
 .rodata.__assert_func.str1.4
                0x0000000010004ff4       0x3f CMakeFiles/rtcSet.dir/home/nick/pico/pico-sdk/src/rp2_common/pico_runtime/runtime.c.obj
                                         0x43 (size before relaxing)
 *fill*         0x0000000010005033        0x1 
 .rodata.panic.str1.4
                0x0000000010005034       0x12 CMakeFiles/rtcSet.dir/home/nick/pico/pico-sdk/src/rp2_common/pico_runtime/runtime.c.obj
 *fill*         0x0000000010005046        0x2 
 .rodata.__func__.4598
                0x0000000010005048       0x10 CMakeFiles/rtcSet.dir/home/nick/pico/pico-sdk/src/rp2_common/hardware_clocks/clocks.c.obj
 .rodata.clock_configure.str1.4
                0x0000000010005058       0x55 CMakeFiles/rtcSet.dir/home/nick/pico/pico-sdk/src/rp2_common/hardware_clocks/clocks.c.obj
 *fill*         0x00000000100050ad        0x3 
 .rodata.__func__.4332
                0x00000000100050b0        0x9 CMakeFiles/rtcSet.dir/home/nick/pico/pico-sdk/src/rp2_common/hardware_pll/pll.c.obj
 *fill*         0x00000000100050b9        0x3 
 .rodata.pll_init.str1.4
                0x00000000100050bc       0xd7 CMakeFiles/rtcSet.dir/home/nick/pico/pico-sdk/src/rp2_common/hardware_pll/pll.c.obj
 *fill*         0x0000000010005193        0x1 
 .rodata.__func__.4423
                0x0000000010005194       0x1a CMakeFiles/rtcSet.dir/home/nick/pico/pico-sdk/src/rp2_common/hardware_irq/irq.c.obj
 *fill*         0x00000000100051ae        0x2 
 .rodata.__func__.4437
                0x00000000100051b0        0xc CMakeFiles/rtcSet.dir/home/nick/pico/pico-sdk/src/rp2_common/hardware_irq/irq.c.obj
 .rodata.__func__.4445
                0x00000000100051bc       0x17 CMakeFiles/rtcSet.dir/home/nick/pico/pico-sdk/src/rp2_common/hardware_irq/irq.c.obj
 *fill*         0x00000000100051d3        0x1 
 .rodata.__func__.4449
                0x00000000100051d4        0xf CMakeFiles/rtcSet.dir/home/nick/pico/pico-sdk/src/rp2_common/hardware_irq/irq.c.obj
 *fill*         0x00000000100051e3        0x1 
 .rodata.__func__.4485
                0x00000000100051e4       0x13 CMakeFiles/rtcSet.dir/home/nick/pico/pico-sdk/src/rp2_common/hardware_irq/irq.c.obj
 *fill*         0x00000000100051f7        0x1 
 .rodata.__func__.4504
                0x00000000100051f8       0x1a CMakeFiles/rtcSet.dir/home/nick/pico/pico-sdk/src/rp2_common/hardware_irq/irq.c.obj
 *fill*         0x0000000010005212        0x2 
 .rodata.irq_add_shared_handler.str1.4
                0x0000000010005214       0xd9 CMakeFiles/rtcSet.dir/home/nick/pico/pico-sdk/src/rp2_common/hardware_irq/irq.c.obj
 *fill*         0x00000000100052ed        0x3 
 .rodata.irq_add_tail_to_free_list.str1.4
                0x00000000100052f0       0x32 CMakeFiles/rtcSet.dir/home/nick/pico/pico-sdk/src/rp2_common/hardware_irq/irq.c.obj
                                         0x3a (size before relaxing)
 *fill*         0x0000000010005322        0x2 
 .rodata.irq_remove_handler.str1.4
                0x0000000010005324       0x2a CMakeFiles/rtcSet.dir/home/nick/pico/pico-sdk/src/rp2_common/hardware_irq/irq.c.obj
 *fill*         0x000000001000534e        0x2 
 .rodata.irq_set_exclusive_handler.str1.4
                0x0000000010005350       0x36 CMakeFiles/rtcSet.dir/home/nick/pico/pico-sdk/src/rp2_common/hardware_irq/irq.c.obj
 *fill*         0x0000000010005386        0x2 
 .rodata.make_branch.str1.4
                0x0000000010005388       0x4b CMakeFiles/rtcSet.dir/home/nick/pico/pico-sdk/src/rp2_common/hardware_irq/irq.c.obj
 *fill*         0x00000000100053d3        0x1 
 .rodata._vsnprintf
                0x00000000100053d4      0x1e0 CMakeFiles/rtcSet.dir/home/nick/pico/pico-sdk/src/rp2_common/pico_printf/printf.c.obj
 .rodata._ftoa.str1.4
                0x00000000100055b4       0x15 CMakeFiles/rtcSet.dir/home/nick/pico/pico-sdk/src/rp2_common/pico_printf/printf.c.obj
 *fill*         0x00000000100055c9        0x7 
 .rodata.pow10.5357
                0x00000000100055d0       0x50 CMakeFiles/rtcSet.dir/home/nick/pico/pico-sdk/src/rp2_common/pico_printf/printf.c.obj
 .rodata.__aeabi_double_init.str1.4
                0x0000000010005620       0xa6 CMakeFiles/rtcSet.dir/home/nick/pico/pico-sdk/src/rp2_common/pico_double/double_init_rom.c.obj
 *fill*         0x00000000100056c6        0x2 
 .rodata.__func__.4614
                0x00000000100056c8       0x14 CMakeFiles/rtcSet.dir/home/nick/pico/pico-sdk/src/rp2_common/pico_double/double_init_rom.c.obj
 .rodata.__aeabi_float_init.str1.4
                0x00000000100056dc       0x78 CMakeFiles/rtcSet.dir/home/nick/pico/pico-sdk/src/rp2_common/pico_float/float_init_rom.c.obj
                                         0x7c (size before relaxing)
 .rodata.__func__.4616
                0x0000000010005754       0x13 CMakeFiles/rtcSet.dir/home/nick/pico/pico-sdk/src/rp2_common/pico_float/float_init_rom.c.obj
 *fill*         0x0000000010005767        0x1 
 .rodata.__bi_40
                0x0000000010005768        0xc CMakeFiles/rtcSet.dir/home/nick/pico/pico-sdk/src/rp2_common/pico_standard_link/binary_info.c.obj
 .rodata.__bi_52
                0x0000000010005774        0xc CMakeFiles/rtcSet.dir/home/nick/pico/pico-sdk/src/rp2_common/pico_standard_link/binary_info.c.obj
 .rodata.__bi_71
                0x0000000010005780        0xc CMakeFiles/rtcSet.dir/home/nick/pico/pico-sdk/src/rp2_common/pico_standard_link/binary_info.c.obj
 .rodata.str1.4
                0x000000001000578c       0x30 CMakeFiles/rtcSet.dir/home/nick/pico/pico-sdk/src/rp2_common/pico_standard_link/binary_info.c.obj
 .rodata.crlf_str.5900
                0x00000000100057bc        0x2 CMakeFiles/rtcSet.dir/home/nick/pico/pico-sdk/src/rp2_common/pico_stdio/stdio.c.obj
 *fill*         0x00000000100057be        0x2 
 .rodata.__bi_27.4645
                0x00000000100057c0        0xc CMakeFiles/rtcSet.dir/home/nick/pico/pico-sdk/src/rp2_common/pico_stdio_uart/stdio_uart.c.obj
 .rodata.__bi_28.4649
                0x00000000100057cc        0x8 CMakeFiles/rtcSet.dir/home/nick/pico/pico-sdk/src/rp2_common/pico_stdio_uart/stdio_uart.c.obj
 .rodata.str1.4
                0x00000000100057d4       0x2c CMakeFiles/rtcSet.dir/home/nick/pico/pico-sdk/src/rp2_common/pico_stdio_uart/stdio_uart.c.obj
                0x0000000010005800                . = ALIGN (0x4)
 *(SORT_BY_ALIGNMENT(SORT_BY_NAME(.flashdata*)))
                0x0000000010005800                . = ALIGN (0x4)

.rel.dyn        0x0000000010005800        0x0
 .rel.iplt      0x0000000010005800        0x0 /usr/lib/gcc/arm-none-eabi/7.3.1/thumb/v6-m/crtbegin.o

.ARM.extab
 *(.ARM.extab* .gnu.linkonce.armextab.*)
                0x0000000010005800                __exidx_start = .

.ARM.exidx
 *(.ARM.exidx* .gnu.linkonce.armexidx.*)
                0x0000000010005800                __exidx_end = .
                0x0000000010005800                . = ALIGN (0x4)
                0x0000000010005800                __binary_info_start = .

.binary_info    0x0000000010005800       0x24
 *(.binary_info.keep.*)
 .binary_info.keep.__bi_ptr18
                0x0000000010005800        0x4 CMakeFiles/rtcSet.dir/home/nick/pico/pico-sdk/src/rp2_common/pico_standard_link/binary_info.c.obj
 .binary_info.keep.__bi_ptr26
                0x0000000010005804        0x4 CMakeFiles/rtcSet.dir/home/nick/pico/pico-sdk/src/rp2_common/pico_standard_link/binary_info.c.obj
 .binary_info.keep.__bi_ptr34
                0x0000000010005808        0x4 CMakeFiles/rtcSet.dir/home/nick/pico/pico-sdk/src/rp2_common/pico_standard_link/binary_info.c.obj
 .binary_info.keep.__bi_ptr40
                0x000000001000580c        0x4 CMakeFiles/rtcSet.dir/home/nick/pico/pico-sdk/src/rp2_common/pico_standard_link/binary_info.c.obj
 .binary_info.keep.__bi_ptr46
                0x0000000010005810        0x4 CMakeFiles/rtcSet.dir/home/nick/pico/pico-sdk/src/rp2_common/pico_standard_link/binary_info.c.obj
 .binary_info.keep.__bi_ptr52
                0x0000000010005814        0x4 CMakeFiles/rtcSet.dir/home/nick/pico/pico-sdk/src/rp2_common/pico_standard_link/binary_info.c.obj
 .binary_info.keep.__bi_ptr71
                0x0000000010005818        0x4 CMakeFiles/rtcSet.dir/home/nick/pico/pico-sdk/src/rp2_common/pico_standard_link/binary_info.c.obj
 *(.binary_info.*)
 .binary_info.__bi_ptr27
                0x000000001000581c        0x4 CMakeFiles/rtcSet.dir/home/nick/pico/pico-sdk/src/rp2_common/pico_stdio_uart/stdio_uart.c.obj
 .binary_info.__bi_ptr28
                0x0000000010005820        0x4 CMakeFiles/rtcSet.dir/home/nick/pico/pico-sdk/src/rp2_common/pico_stdio_uart/stdio_uart.c.obj
                0x0000000010005824                __binary_info_end = .
                0x0000000010005824                . = ALIGN (0x4)
                0x0000000010005824                __etext = .

.ram_vector_table
                0x0000000020000000       0xc0
 *(.ram_vector_table)
 .ram_vector_table
                0x0000000020000000       0xc0 CMakeFiles/rtcSet.dir/home/nick/pico/pico-sdk/src/rp2_common/pico_runtime/runtime.c.obj
                0x0000000020000000                ram_vector_table

.data           0x00000000200000c0      0x9f4 load address 0x0000000010005824
                0x00000000200000c0                __data_start__ = .
 *(vtable)
 *(.time_critical*)
 .time_critical.mutex_enter_blocking
                0x00000000200000c0       0x64 CMakeFiles/rtcSet.dir/home/nick/pico/pico-sdk/src/common/pico_sync/mutex.c.obj
                0x00000000200000c0                mutex_enter_blocking
 .time_critical.mutex_try_enter
                0x0000000020000124       0x46 CMakeFiles/rtcSet.dir/home/nick/pico/pico-sdk/src/common/pico_sync/mutex.c.obj
                0x0000000020000124                mutex_try_enter
 *fill*         0x000000002000016a        0x2 
 .time_critical.mutex_exit
                0x000000002000016c       0x4c CMakeFiles/rtcSet.dir/home/nick/pico/pico-sdk/src/common/pico_sync/mutex.c.obj
                0x000000002000016c                mutex_exit
 *(.text*)
 .text          0x00000000200001b8        0x4 /usr/lib/gcc/arm-none-eabi/7.3.1/thumb/v6-m/libgcc.a(_dvmd_tls.o)
                0x00000000200001b8                __aeabi_ldiv0
                0x00000000200001b8                __aeabi_idiv0
 *fill*         0x00000000200001bc        0x4 
 .text.__stub   0x00000000200001c0       0x10 linker stubs
                0x00000000200001d0                . = ALIGN (0x4)
 *(.rodata*)
                0x00000000200001d0                . = ALIGN (0x4)
 *(.data*)
 .data.striped_spin_lock_num
                0x00000000200001d0        0x1 CMakeFiles/rtcSet.dir/home/nick/pico/pico-sdk/src/rp2_common/hardware_sync/sync.c.obj
 *fill*         0x00000000200001d1        0x3 
 .data          0x00000000200001d4       0x48 CMakeFiles/rtcSet.dir/home/nick/pico/pico-sdk/src/rp2_common/hardware_irq/irq_handler_chain.S.obj
                0x00000000200001d4                irq_handler_chain_slots
                0x0000000020000204                irq_handler_chain_first_slot
                0x000000002000020e                irq_handler_chain_remove_tail
 *fill*         0x000000002000021c        0x4 
 .data.aeabi_bits_funcs
                0x0000000020000220       0x10 CMakeFiles/rtcSet.dir/home/nick/pico/pico-sdk/src/rp2_common/pico_bit_ops/bit_ops_aeabi.S.obj
                0x0000000020000220                aeabi_bits_funcs
                0x0000000020000230                aeabi_bits_funcs_end
 .data.aeabi_mem_funcs
                0x0000000020000230       0x10 CMakeFiles/rtcSet.dir/home/nick/pico/pico-sdk/src/rp2_common/pico_mem_ops/mem_ops_aeabi.S.obj
                0x0000000020000230                aeabi_mem_funcs
                0x0000000020000240                aeabi_mem_funcs_end
 .data.stdio_uart
                0x0000000020000240       0x14 CMakeFiles/rtcSet.dir/home/nick/pico/pico-sdk/src/rp2_common/pico_stdio_uart/stdio_uart.c.obj
                0x0000000020000240                stdio_uart
 *fill*         0x0000000020000254        0x4 
 .data          0x0000000020000258      0x430 /usr/lib/gcc/arm-none-eabi/7.3.1/../../../arm-none-eabi/lib/thumb/v6-m/libg.a(lib_a-impure.o)
                0x0000000020000258                _impure_ptr
 .data          0x0000000020000688      0x410 /usr/lib/gcc/arm-none-eabi/7.3.1/../../../arm-none-eabi/lib/thumb/v6-m/libg.a(lib_a-mallocr.o)
                0x0000000020000688                __malloc_sbrk_base
                0x000000002000068c                __malloc_trim_threshold
                0x0000000020000690                __malloc_av_
                0x0000000020000a98                . = ALIGN (0x4)
 *(.after_data.*)
                0x0000000020000a98                . = ALIGN (0x4)
                0x0000000020000a98                PROVIDE (__mutex_array_start = .)
 *(SORT_BY_NAME(.mutex_array.*))
 *(.mutex_array)
 .mutex_array   0x0000000020000a98        0x8 CMakeFiles/rtcSet.dir/home/nick/pico/pico-sdk/src/rp2_common/pico_stdio/stdio.c.obj
                0x0000000020000aa0                PROVIDE (__mutex_array_end = .)
                0x0000000020000aa0                . = ALIGN (0x4)
                0x0000000020000aa0                PROVIDE (__preinit_array_start = .)
 *(SORT_BY_NAME(.preinit_array.*))
 .preinit_array.00001
                0x0000000020000aa0        0x4 CMakeFiles/rtcSet.dir/home/nick/pico/pico-sdk/src/rp2_common/pico_mem_ops/mem_ops_aeabi.S.obj
 .preinit_array.00010
                0x0000000020000aa4        0x4 CMakeFiles/rtcSet.dir/home/nick/pico/pico-sdk/src/rp2_common/pico_bit_ops/bit_ops_aeabi.S.obj
 .preinit_array.00020
                0x0000000020000aa8        0x4 CMakeFiles/rtcSet.dir/home/nick/pico/pico-sdk/src/rp2_common/pico_double/double_aeabi.S.obj
 .preinit_array.00020
                0x0000000020000aac        0x4 CMakeFiles/rtcSet.dir/home/nick/pico/pico-sdk/src/rp2_common/pico_float/float_aeabi.S.obj
 *(.preinit_array)
                0x0000000020000ab0                PROVIDE (__preinit_array_end = .)
                0x0000000020000ab0                . = ALIGN (0x4)
                0x0000000020000ab0                PROVIDE (__init_array_start = .)
 *(SORT_BY_NAME(.init_array.*))
 *(.init_array)
 .init_array    0x0000000020000ab0        0x4 /usr/lib/gcc/arm-none-eabi/7.3.1/thumb/v6-m/crtbegin.o
                0x0000000020000ab4                PROVIDE (__init_array_end = .)
                0x0000000020000ab4                . = ALIGN (0x4)
                0x0000000020000ab4                PROVIDE (__fini_array_start = .)
 *(SORT_BY_NAME(.fini_array.*))
 *(.fini_array)
                0x0000000020000ab4                PROVIDE (__fini_array_end = .)
 *(.jcr)
                0x0000000020000ab4                . = ALIGN (0x4)
                0x0000000020000ab4                __data_end__ = .

.tm_clone_table
                0x0000000020000ab4        0x0 load address 0x0000000010006218
 .tm_clone_table
                0x0000000020000ab4        0x0 /usr/lib/gcc/arm-none-eabi/7.3.1/thumb/v6-m/crtbegin.o
 .tm_clone_table
                0x0000000020000ab4        0x0 /usr/lib/gcc/arm-none-eabi/7.3.1/thumb/v6-m/crtend.o

.igot.plt       0x0000000020000ab4        0x0 load address 0x0000000010006218
 .igot.plt      0x0000000020000ab4        0x0 /usr/lib/gcc/arm-none-eabi/7.3.1/thumb/v6-m/crtbegin.o

.uninitialized_data
                0x0000000020000ab4        0x0 load address 0x0000000010006218
                0x0000000020000ab4                . = ALIGN (0x4)
 *(.uninitialized_data*)

.scratch_x      0x0000000020040000        0x0 load address 0x0000000010006218
                0x0000000020040000                __scratch_x_start__ = .
 *(.scratch_x.*)
                0x0000000020040000                . = ALIGN (0x4)
                0x0000000020040000                __scratch_x_end__ = .
                0x0000000010006218                __scratch_x_source__ = LOADADDR (.scratch_x)

.scratch_y      0x0000000020041000        0x0 load address 0x0000000010006218
                0x0000000020041000                __scratch_y_start__ = .
 *(.scratch_y.*)
                0x0000000020041000                . = ALIGN (0x4)
                0x0000000020041000                __scratch_y_end__ = .
                0x0000000010006218                __scratch_y_source__ = LOADADDR (.scratch_y)

.bss            0x0000000020000ab4      0x2c8
                0x0000000020000ab4                . = ALIGN (0x4)
                0x0000000020000ab4                __bss_start__ = .
 *(SORT_BY_ALIGNMENT(SORT_BY_NAME(.bss*)))
 .bss           0x0000000020000ab4       0x1c /usr/lib/gcc/arm-none-eabi/7.3.1/thumb/v6-m/crtbegin.o
 .bss           0x0000000020000ad0       0x34 /usr/lib/gcc/arm-none-eabi/7.3.1/../../../arm-none-eabi/lib/thumb/v6-m/libg.a(lib_a-mallocr.o)
                0x0000000020000ad0                __malloc_top_pad
                0x0000000020000ad4                __malloc_current_mallinfo
                0x0000000020000afc                __malloc_max_sbrked_mem
                0x0000000020000b00                __malloc_max_total_mem
 .bss.alarm_callbacks
                0x0000000020000b04       0x10 CMakeFiles/rtcSet.dir/home/nick/pico/pico-sdk/src/rp2_common/hardware_timer/timer.c.obj
 .bss.configured_freq
                0x0000000020000b14       0x28 CMakeFiles/rtcSet.dir/home/nick/pico/pico-sdk/src/rp2_common/hardware_clocks/clocks.c.obj
 .bss.default_alarm_pool
                0x0000000020000b3c        0x4 CMakeFiles/rtcSet.dir/home/nick/pico/pico-sdk/src/common/pico_time/time.c.obj
 .bss.drivers   0x0000000020000b40        0x4 CMakeFiles/rtcSet.dir/home/nick/pico/pico-sdk/src/rp2_common/pico_stdio/stdio.c.obj
 .bss.filter    0x0000000020000b44        0x4 CMakeFiles/rtcSet.dir/home/nick/pico/pico-sdk/src/rp2_common/pico_stdio/stdio.c.obj
 .bss.heap_end.5702
                0x0000000020000b48        0x4 CMakeFiles/rtcSet.dir/home/nick/pico/pico-sdk/src/rp2_common/pico_runtime/runtime.c.obj
 .bss.pools     0x0000000020000b4c       0x10 CMakeFiles/rtcSet.dir/home/nick/pico/pico-sdk/src/common/pico_time/time.c.obj
 .bss.target_hi
                0x0000000020000b5c       0x10 CMakeFiles/rtcSet.dir/home/nick/pico/pico-sdk/src/rp2_common/hardware_timer/timer.c.obj
 .bss.claimed   0x0000000020000b6c        0x1 CMakeFiles/rtcSet.dir/home/nick/pico/pico-sdk/src/rp2_common/hardware_timer/timer.c.obj
 .bss.irq_hander_chain_free_slot_head
                0x0000000020000b6d        0x1 CMakeFiles/rtcSet.dir/home/nick/pico/pico-sdk/src/rp2_common/hardware_irq/irq.c.obj
 .bss.timer_callbacks_pending
                0x0000000020000b6e        0x1 CMakeFiles/rtcSet.dir/home/nick/pico/pico-sdk/src/rp2_common/hardware_timer/timer.c.obj
 *(COMMON)
 *fill*         0x0000000020000b6f        0x1 
 COMMON         0x0000000020000b70        0x4 CMakeFiles/rtcSet.dir/home/nick/pico/pico-sdk/src/rp2_common/hardware_uart/uart.c.obj
                0x0000000020000b70                uart_char_to_line_feed
 COMMON         0x0000000020000b74      0x100 CMakeFiles/rtcSet.dir/home/nick/pico/pico-sdk/src/rp2_common/pico_double/double_init_rom.c.obj
                0x0000000020000b74                sd_table
 COMMON         0x0000000020000c74      0x104 CMakeFiles/rtcSet.dir/home/nick/pico/pico-sdk/src/rp2_common/pico_float/float_init_rom.c.obj
                0x0000000020000c74                sf_table
                0x0000000020000d74                sf_clz_func
 COMMON         0x0000000020000d78        0x4 /usr/lib/gcc/arm-none-eabi/7.3.1/../../../arm-none-eabi/lib/thumb/v6-m/libg.a(lib_a-reent.o)
                0x0000000020000d78                errno
                0x0000000020000d7c                . = ALIGN (0x4)
                0x0000000020000d7c                __bss_end__ = .

.heap           0x0000000020000d7c      0x800
                0x0000000020000d7c                __end__ = .
                0x0000000020000d7c                end = __end__
 *(.heap*)
 .heap          0x0000000020000d7c      0x800 CMakeFiles/rtcSet.dir/home/nick/pico/pico-sdk/src/rp2_common/pico_standard_link/crt0.S.obj
                0x000000002000157c                __HeapLimit = .

.stack1_dummy   0x0000000020040000        0x0
 *(.stack1*)

.stack_dummy    0x0000000020041000      0x800
 *(.stack*)
 .stack         0x0000000020041000      0x800 CMakeFiles/rtcSet.dir/home/nick/pico/pico-sdk/src/rp2_common/pico_standard_link/crt0.S.obj

.flash_end      0x0000000010006218        0x0
                0x0000000010006218                __flash_binary_end = .
                0x0000000020040000                __StackLimit = (ORIGIN (RAM) + LENGTH (RAM))
                0x0000000020041000                __StackOneTop = (ORIGIN (SCRATCH_X) + LENGTH (SCRATCH_X))
                0x0000000020042000                __StackTop = (ORIGIN (SCRATCH_Y) + LENGTH (SCRATCH_Y))
                0x0000000020041000                __StackOneBottom = (__StackOneTop - SIZEOF (.stack1_dummy))
                0x0000000020041800                __StackBottom = (__StackTop - SIZEOF (.stack_dummy))
                0x0000000020042000                PROVIDE (__stack = __StackTop)
                0x0000000000000001                ASSERT ((__StackLimit >= __HeapLimit), region RAM overflowed)
                0x0000000000000001                ASSERT (((__binary_info_header_end - __logical_binary_start) <= 0x100), Binary info must be in first 256 bytes of the binary)
LOAD CMakeFiles/rtcSet.dir/rtcSet.c.obj
LOAD CMakeFiles/rtcSet.dir/home/nick/pico/pico-sdk/src/rp2_common/pico_stdlib/stdlib.c.obj
LOAD CMakeFiles/rtcSet.dir/home/nick/pico/pico-sdk/src/rp2_common/hardware_gpio/gpio.c.obj
LOAD CMakeFiles/rtcSet.dir/home/nick/pico/pico-sdk/src/rp2_common/hardware_claim/claim.c.obj
LOAD CMakeFiles/rtcSet.dir/home/nick/pico/pico-sdk/src/rp2_common/hardware_sync/sync.c.obj
LOAD CMakeFiles/rtcSet.dir/home/nick/pico/pico-sdk/src/rp2_common/pico_platform/platform.c.obj
LOAD CMakeFiles/rtcSet.dir/home/nick/pico/pico-sdk/src/rp2_common/hardware_uart/uart.c.obj
LOAD CMakeFiles/rtcSet.dir/home/nick/pico/pico-sdk/src/rp2_common/hardware_divider/divider.S.obj
LOAD CMakeFiles/rtcSet.dir/home/nick/pico/pico-sdk/src/common/pico_time/time.c.obj
LOAD CMakeFiles/rtcSet.dir/home/nick/pico/pico-sdk/src/common/pico_time/timeout_helper.c.obj
LOAD CMakeFiles/rtcSet.dir/home/nick/pico/pico-sdk/src/rp2_common/hardware_timer/timer.c.obj
LOAD CMakeFiles/rtcSet.dir/home/nick/pico/pico-sdk/src/common/pico_sync/sem.c.obj
LOAD CMakeFiles/rtcSet.dir/home/nick/pico/pico-sdk/src/common/pico_sync/lock_core.c.obj
LOAD CMakeFiles/rtcSet.dir/home/nick/pico/pico-sdk/src/common/pico_sync/mutex.c.obj
LOAD CMakeFiles/rtcSet.dir/home/nick/pico/pico-sdk/src/common/pico_sync/critical_section.c.obj
LOAD CMakeFiles/rtcSet.dir/home/nick/pico/pico-sdk/src/common/pico_util/datetime.c.obj
LOAD CMakeFiles/rtcSet.dir/home/nick/pico/pico-sdk/src/common/pico_util/pheap.c.obj
LOAD CMakeFiles/rtcSet.dir/home/nick/pico/pico-sdk/src/common/pico_util/queue.c.obj
LOAD CMakeFiles/rtcSet.dir/home/nick/pico/pico-sdk/src/rp2_common/pico_runtime/runtime.c.obj
LOAD CMakeFiles/rtcSet.dir/home/nick/pico/pico-sdk/src/rp2_common/hardware_clocks/clocks.c.obj
LOAD CMakeFiles/rtcSet.dir/home/nick/pico/pico-sdk/src/rp2_common/hardware_watchdog/watchdog.c.obj
LOAD CMakeFiles/rtcSet.dir/home/nick/pico/pico-sdk/src/rp2_common/hardware_xosc/xosc.c.obj
LOAD CMakeFiles/rtcSet.dir/home/nick/pico/pico-sdk/src/rp2_common/hardware_pll/pll.c.obj
LOAD CMakeFiles/rtcSet.dir/home/nick/pico/pico-sdk/src/rp2_common/hardware_vreg/vreg.c.obj
LOAD CMakeFiles/rtcSet.dir/home/nick/pico/pico-sdk/src/rp2_common/hardware_irq/irq.c.obj
LOAD CMakeFiles/rtcSet.dir/home/nick/pico/pico-sdk/src/rp2_common/hardware_irq/irq_handler_chain.S.obj
LOAD CMakeFiles/rtcSet.dir/home/nick/pico/pico-sdk/src/rp2_common/pico_printf/printf.c.obj
LOAD CMakeFiles/rtcSet.dir/home/nick/pico/pico-sdk/src/rp2_common/pico_bit_ops/bit_ops_aeabi.S.obj
LOAD CMakeFiles/rtcSet.dir/home/nick/pico/pico-sdk/src/rp2_common/pico_bootrom/bootrom.c.obj
LOAD CMakeFiles/rtcSet.dir/home/nick/pico/pico-sdk/src/rp2_common/pico_divider/divider.S.obj
LOAD CMakeFiles/rtcSet.dir/home/nick/pico/pico-sdk/src/rp2_common/pico_double/double_aeabi.S.obj
LOAD CMakeFiles/rtcSet.dir/home/nick/pico/pico-sdk/src/rp2_common/pico_double/double_init_rom.c.obj
LOAD CMakeFiles/rtcSet.dir/home/nick/pico/pico-sdk/src/rp2_common/pico_double/double_math.c.obj
LOAD CMakeFiles/rtcSet.dir/home/nick/pico/pico-sdk/src/rp2_common/pico_double/double_v1_rom_shim.S.obj
LOAD CMakeFiles/rtcSet.dir/home/nick/pico/pico-sdk/src/rp2_common/pico_int64_ops/pico_int64_ops_aeabi.S.obj
LOAD CMakeFiles/rtcSet.dir/home/nick/pico/pico-sdk/src/rp2_common/pico_float/float_aeabi.S.obj
LOAD CMakeFiles/rtcSet.dir/home/nick/pico/pico-sdk/src/rp2_common/pico_float/float_init_rom.c.obj
LOAD CMakeFiles/rtcSet.dir/home/nick/pico/pico-sdk/src/rp2_common/pico_float/float_math.c.obj
LOAD CMakeFiles/rtcSet.dir/home/nick/pico/pico-sdk/src/rp2_common/pico_float/float_v1_rom_shim.S.obj
LOAD CMakeFiles/rtcSet.dir/home/nick/pico/pico-sdk/src/rp2_common/pico_malloc/pico_malloc.c.obj
LOAD CMakeFiles/rtcSet.dir/home/nick/pico/pico-sdk/src/rp2_common/pico_mem_ops/mem_ops_aeabi.S.obj
LOAD CMakeFiles/rtcSet.dir/home/nick/pico/pico-sdk/src/rp2_common/pico_standard_link/crt0.S.obj
LOAD CMakeFiles/rtcSet.dir/home/nick/pico/pico-sdk/src/rp2_common/pico_standard_link/new_delete.cpp.obj
LOAD CMakeFiles/rtcSet.dir/home/nick/pico/pico-sdk/src/rp2_common/pico_standard_link/binary_info.c.obj
LOAD CMakeFiles/rtcSet.dir/home/nick/pico/pico-sdk/src/rp2_common/pico_stdio/stdio.c.obj
LOAD CMakeFiles/rtcSet.dir/home/nick/pico/pico-sdk/src/rp2_common/pico_stdio_uart/stdio_uart.c.obj
LOAD CMakeFiles/rtcSet.dir/home/nick/pico/pico-sdk/src/rp2_common/hardware_i2c/i2c.c.obj
LOAD /tmp/ccMVtzy3.o
LOAD /usr/lib/gcc/arm-none-eabi/7.3.1/../../../arm-none-eabi/lib/thumb/v6-m/libstdc++.a
LOAD /usr/lib/gcc/arm-none-eabi/7.3.1/../../../arm-none-eabi/lib/thumb/v6-m/libm.a
START GROUP
LOAD /usr/lib/gcc/arm-none-eabi/7.3.1/thumb/v6-m/libgcc.a
LOAD /usr/lib/gcc/arm-none-eabi/7.3.1/../../../arm-none-eabi/lib/thumb/v6-m/libg.a
LOAD /usr/lib/gcc/arm-none-eabi/7.3.1/../../../arm-none-eabi/lib/thumb/v6-m/libc.a
END GROUP
START GROUP
LOAD /usr/lib/gcc/arm-none-eabi/7.3.1/thumb/v6-m/libgcc.a
LOAD /usr/lib/gcc/arm-none-eabi/7.3.1/../../../arm-none-eabi/lib/thumb/v6-m/libc.a
LOAD /usr/lib/gcc/arm-none-eabi/7.3.1/../../../arm-none-eabi/lib/thumb/v6-m/libnosys.a
END GROUP
LOAD /usr/lib/gcc/arm-none-eabi/7.3.1/thumb/v6-m/crtend.o
LOAD /usr/lib/gcc/arm-none-eabi/7.3.1/thumb/v6-m/crtn.o
OUTPUT(rtcSet.elf elf32-littlearm)

.ARM.attributes
                0x0000000000000000       0x28
 .ARM.attributes
                0x0000000000000000       0x1e /usr/lib/gcc/arm-none-eabi/7.3.1/thumb/v6-m/crti.o
 .ARM.attributes
                0x000000000000001e       0x2c /usr/lib/gcc/arm-none-eabi/7.3.1/thumb/v6-m/crtbegin.o
 .ARM.attributes
                0x000000000000004a       0x32 CMakeFiles/rtcSet.dir/rtcSet.c.obj
 .ARM.attributes
                0x000000000000007c       0x32 CMakeFiles/rtcSet.dir/home/nick/pico/pico-sdk/src/rp2_common/hardware_gpio/gpio.c.obj
 .ARM.attributes
                0x00000000000000ae       0x32 CMakeFiles/rtcSet.dir/home/nick/pico/pico-sdk/src/rp2_common/hardware_claim/claim.c.obj
 .ARM.attributes
                0x00000000000000e0       0x32 CMakeFiles/rtcSet.dir/home/nick/pico/pico-sdk/src/rp2_common/hardware_sync/sync.c.obj
 .ARM.attributes
                0x0000000000000112       0x32 CMakeFiles/rtcSet.dir/home/nick/pico/pico-sdk/src/rp2_common/pico_platform/platform.c.obj
 .ARM.attributes
                0x0000000000000144       0x32 CMakeFiles/rtcSet.dir/home/nick/pico/pico-sdk/src/rp2_common/hardware_uart/uart.c.obj
 .ARM.attributes
                0x0000000000000176       0x32 CMakeFiles/rtcSet.dir/home/nick/pico/pico-sdk/src/common/pico_time/time.c.obj
 .ARM.attributes
                0x00000000000001a8       0x32 CMakeFiles/rtcSet.dir/home/nick/pico/pico-sdk/src/rp2_common/hardware_timer/timer.c.obj
 .ARM.attributes
                0x00000000000001da       0x32 CMakeFiles/rtcSet.dir/home/nick/pico/pico-sdk/src/common/pico_sync/lock_core.c.obj
 .ARM.attributes
                0x000000000000020c       0x32 CMakeFiles/rtcSet.dir/home/nick/pico/pico-sdk/src/common/pico_sync/mutex.c.obj
 .ARM.attributes
                0x000000000000023e       0x32 CMakeFiles/rtcSet.dir/home/nick/pico/pico-sdk/src/common/pico_util/pheap.c.obj
 .ARM.attributes
                0x0000000000000270       0x32 CMakeFiles/rtcSet.dir/home/nick/pico/pico-sdk/src/rp2_common/pico_runtime/runtime.c.obj
 .ARM.attributes
                0x00000000000002a2       0x32 CMakeFiles/rtcSet.dir/home/nick/pico/pico-sdk/src/rp2_common/hardware_clocks/clocks.c.obj
 .ARM.attributes
                0x00000000000002d4       0x32 CMakeFiles/rtcSet.dir/home/nick/pico/pico-sdk/src/rp2_common/hardware_watchdog/watchdog.c.obj
 .ARM.attributes
                0x0000000000000306       0x32 CMakeFiles/rtcSet.dir/home/nick/pico/pico-sdk/src/rp2_common/hardware_xosc/xosc.c.obj
 .ARM.attributes
                0x0000000000000338       0x32 CMakeFiles/rtcSet.dir/home/nick/pico/pico-sdk/src/rp2_common/hardware_pll/pll.c.obj
 .ARM.attributes
                0x000000000000036a       0x32 CMakeFiles/rtcSet.dir/home/nick/pico/pico-sdk/src/rp2_common/hardware_irq/irq.c.obj
 .ARM.attributes
                0x000000000000039c       0x22 CMakeFiles/rtcSet.dir/home/nick/pico/pico-sdk/src/rp2_common/hardware_irq/irq_handler_chain.S.obj
 .ARM.attributes
                0x00000000000003be       0x32 CMakeFiles/rtcSet.dir/home/nick/pico/pico-sdk/src/rp2_common/pico_printf/printf.c.obj
 .ARM.attributes
                0x00000000000003f0       0x22 CMakeFiles/rtcSet.dir/home/nick/pico/pico-sdk/src/rp2_common/pico_bit_ops/bit_ops_aeabi.S.obj
 .ARM.attributes
                0x0000000000000412       0x32 CMakeFiles/rtcSet.dir/home/nick/pico/pico-sdk/src/rp2_common/pico_bootrom/bootrom.c.obj
 .ARM.attributes
                0x0000000000000444       0x22 CMakeFiles/rtcSet.dir/home/nick/pico/pico-sdk/src/rp2_common/pico_divider/divider.S.obj
 .ARM.attributes
                0x0000000000000466       0x22 CMakeFiles/rtcSet.dir/home/nick/pico/pico-sdk/src/rp2_common/pico_double/double_aeabi.S.obj
 .ARM.attributes
                0x0000000000000488       0x32 CMakeFiles/rtcSet.dir/home/nick/pico/pico-sdk/src/rp2_common/pico_double/double_init_rom.c.obj
 .ARM.attributes
                0x00000000000004ba       0x22 CMakeFiles/rtcSet.dir/home/nick/pico/pico-sdk/src/rp2_common/pico_double/double_v1_rom_shim.S.obj
 .ARM.attributes
                0x00000000000004dc       0x22 CMakeFiles/rtcSet.dir/home/nick/pico/pico-sdk/src/rp2_common/pico_int64_ops/pico_int64_ops_aeabi.S.obj
 .ARM.attributes
                0x00000000000004fe       0x22 CMakeFiles/rtcSet.dir/home/nick/pico/pico-sdk/src/rp2_common/pico_float/float_aeabi.S.obj
 .ARM.attributes
                0x0000000000000520       0x32 CMakeFiles/rtcSet.dir/home/nick/pico/pico-sdk/src/rp2_common/pico_float/float_init_rom.c.obj
 .ARM.attributes
                0x0000000000000552       0x22 CMakeFiles/rtcSet.dir/home/nick/pico/pico-sdk/src/rp2_common/pico_float/float_v1_rom_shim.S.obj
 .ARM.attributes
                0x0000000000000574       0x32 CMakeFiles/rtcSet.dir/home/nick/pico/pico-sdk/src/rp2_common/pico_malloc/pico_malloc.c.obj
 .ARM.attributes
                0x00000000000005a6       0x22 CMakeFiles/rtcSet.dir/home/nick/pico/pico-sdk/src/rp2_common/pico_mem_ops/mem_ops_aeabi.S.obj
 .ARM.attributes
                0x00000000000005c8       0x22 CMakeFiles/rtcSet.dir/home/nick/pico/pico-sdk/src/rp2_common/pico_standard_link/crt0.S.obj
 .ARM.attributes
                0x00000000000005ea       0x32 CMakeFiles/rtcSet.dir/home/nick/pico/pico-sdk/src/rp2_common/pico_standard_link/binary_info.c.obj
 .ARM.attributes
                0x000000000000061c       0x32 CMakeFiles/rtcSet.dir/home/nick/pico/pico-sdk/src/rp2_common/pico_stdio/stdio.c.obj
 .ARM.attributes
                0x000000000000064e       0x32 CMakeFiles/rtcSet.dir/home/nick/pico/pico-sdk/src/rp2_common/pico_stdio_uart/stdio_uart.c.obj
 .ARM.attributes
                0x0000000000000680       0x22 /tmp/ccMVtzy3.o
 .ARM.attributes
                0x00000000000006a2       0x1e /usr/lib/gcc/arm-none-eabi/7.3.1/thumb/v6-m/libgcc.a(_dvmd_tls.o)
 .ARM.attributes
                0x00000000000006c0       0x2c /usr/lib/gcc/arm-none-eabi/7.3.1/../../../arm-none-eabi/lib/thumb/v6-m/libg.a(lib_a-calloc.o)
 .ARM.attributes
                0x00000000000006ec       0x2c /usr/lib/gcc/arm-none-eabi/7.3.1/../../../arm-none-eabi/lib/thumb/v6-m/libg.a(lib_a-callocr.o)
 .ARM.attributes
                0x0000000000000718       0x2c /usr/lib/gcc/arm-none-eabi/7.3.1/../../../arm-none-eabi/lib/thumb/v6-m/libg.a(lib_a-impure.o)
 .ARM.attributes
                0x0000000000000744       0x2c /usr/lib/gcc/arm-none-eabi/7.3.1/../../../arm-none-eabi/lib/thumb/v6-m/libg.a(lib_a-malloc.o)
 .ARM.attributes
                0x0000000000000770       0x2c /usr/lib/gcc/arm-none-eabi/7.3.1/../../../arm-none-eabi/lib/thumb/v6-m/libg.a(lib_a-mallocr.o)
 .ARM.attributes
                0x000000000000079c       0x2c /usr/lib/gcc/arm-none-eabi/7.3.1/../../../arm-none-eabi/lib/thumb/v6-m/libg.a(lib_a-mlock.o)
 .ARM.attributes
                0x00000000000007c8       0x2c /usr/lib/gcc/arm-none-eabi/7.3.1/../../../arm-none-eabi/lib/thumb/v6-m/libg.a(lib_a-sbrkr.o)
 .ARM.attributes
                0x00000000000007f4       0x2c /usr/lib/gcc/arm-none-eabi/7.3.1/../../../arm-none-eabi/lib/thumb/v6-m/libg.a(lib_a-strlen-stub.o)
 .ARM.attributes
                0x0000000000000820       0x2c /usr/lib/gcc/arm-none-eabi/7.3.1/../../../arm-none-eabi/lib/thumb/v6-m/libg.a(lib_a-freer.o)
 .ARM.attributes
                0x000000000000084c       0x2c /usr/lib/gcc/arm-none-eabi/7.3.1/../../../arm-none-eabi/lib/thumb/v6-m/libg.a(lib_a-reent.o)
 .ARM.attributes
                0x0000000000000878       0x2c /usr/lib/gcc/arm-none-eabi/7.3.1/thumb/v6-m/crtend.o

.comment        0x0000000000000000       0xae
 .comment       0x0000000000000000       0x57 /usr/lib/gcc/arm-none-eabi/7.3.1/thumb/v6-m/crtbegin.o
                                         0x58 (size before relaxing)
 .comment       0x0000000000000057       0x58 CMakeFiles/rtcSet.dir/rtcSet.c.obj
 .comment       0x0000000000000057       0x58 CMakeFiles/rtcSet.dir/home/nick/pico/pico-sdk/src/rp2_common/hardware_gpio/gpio.c.obj
 .comment       0x0000000000000057       0x58 CMakeFiles/rtcSet.dir/home/nick/pico/pico-sdk/src/rp2_common/hardware_claim/claim.c.obj
 .comment       0x0000000000000057       0x58 CMakeFiles/rtcSet.dir/home/nick/pico/pico-sdk/src/rp2_common/hardware_sync/sync.c.obj
 .comment       0x0000000000000057       0x58 CMakeFiles/rtcSet.dir/home/nick/pico/pico-sdk/src/rp2_common/pico_platform/platform.c.obj
 .comment       0x0000000000000057       0x58 CMakeFiles/rtcSet.dir/home/nick/pico/pico-sdk/src/rp2_common/hardware_uart/uart.c.obj
 .comment       0x0000000000000057       0x58 CMakeFiles/rtcSet.dir/home/nick/pico/pico-sdk/src/common/pico_time/time.c.obj
 .comment       0x0000000000000057       0x58 CMakeFiles/rtcSet.dir/home/nick/pico/pico-sdk/src/rp2_common/hardware_timer/timer.c.obj
 .comment       0x0000000000000057       0x58 CMakeFiles/rtcSet.dir/home/nick/pico/pico-sdk/src/common/pico_sync/lock_core.c.obj
 .comment       0x0000000000000057       0x58 CMakeFiles/rtcSet.dir/home/nick/pico/pico-sdk/src/common/pico_sync/mutex.c.obj
 .comment       0x0000000000000057       0x58 CMakeFiles/rtcSet.dir/home/nick/pico/pico-sdk/src/common/pico_util/pheap.c.obj
 .comment       0x0000000000000057       0x58 CMakeFiles/rtcSet.dir/home/nick/pico/pico-sdk/src/rp2_common/pico_runtime/runtime.c.obj
 .comment       0x0000000000000057       0x58 CMakeFiles/rtcSet.dir/home/nick/pico/pico-sdk/src/rp2_common/hardware_clocks/clocks.c.obj
 .comment       0x0000000000000057       0x58 CMakeFiles/rtcSet.dir/home/nick/pico/pico-sdk/src/rp2_common/hardware_watchdog/watchdog.c.obj
 .comment       0x0000000000000057       0x58 CMakeFiles/rtcSet.dir/home/nick/pico/pico-sdk/src/rp2_common/hardware_xosc/xosc.c.obj
 .comment       0x0000000000000057       0x58 CMakeFiles/rtcSet.dir/home/nick/pico/pico-sdk/src/rp2_common/hardware_pll/pll.c.obj
 .comment       0x0000000000000057       0x58 CMakeFiles/rtcSet.dir/home/nick/pico/pico-sdk/src/rp2_common/hardware_irq/irq.c.obj
 .comment       0x0000000000000057       0x58 CMakeFiles/rtcSet.dir/home/nick/pico/pico-sdk/src/rp2_common/pico_printf/printf.c.obj
 .comment       0x0000000000000057       0x58 CMakeFiles/rtcSet.dir/home/nick/pico/pico-sdk/src/rp2_common/pico_bootrom/bootrom.c.obj
 .comment       0x0000000000000057       0x58 CMakeFiles/rtcSet.dir/home/nick/pico/pico-sdk/src/rp2_common/pico_double/double_init_rom.c.obj
 .comment       0x0000000000000057       0x58 CMakeFiles/rtcSet.dir/home/nick/pico/pico-sdk/src/rp2_common/pico_float/float_init_rom.c.obj
 .comment       0x0000000000000057       0x58 CMakeFiles/rtcSet.dir/home/nick/pico/pico-sdk/src/rp2_common/pico_malloc/pico_malloc.c.obj
 .comment       0x0000000000000057       0x58 CMakeFiles/rtcSet.dir/home/nick/pico/pico-sdk/src/rp2_common/pico_standard_link/binary_info.c.obj
 .comment       0x0000000000000057       0x58 CMakeFiles/rtcSet.dir/home/nick/pico/pico-sdk/src/rp2_common/pico_stdio/stdio.c.obj
 .comment       0x0000000000000057       0x58 CMakeFiles/rtcSet.dir/home/nick/pico/pico-sdk/src/rp2_common/pico_stdio_uart/stdio_uart.c.obj
 .comment       0x0000000000000057       0x57 /usr/lib/gcc/arm-none-eabi/7.3.1/../../../arm-none-eabi/lib/thumb/v6-m/libg.a(lib_a-calloc.o)
                                         0x58 (size before relaxing)
 .comment       0x00000000000000ae       0x58 /usr/lib/gcc/arm-none-eabi/7.3.1/../../../arm-none-eabi/lib/thumb/v6-m/libg.a(lib_a-callocr.o)
 .comment       0x00000000000000ae       0x58 /usr/lib/gcc/arm-none-eabi/7.3.1/../../../arm-none-eabi/lib/thumb/v6-m/libg.a(lib_a-impure.o)
 .comment       0x00000000000000ae       0x58 /usr/lib/gcc/arm-none-eabi/7.3.1/../../../arm-none-eabi/lib/thumb/v6-m/libg.a(lib_a-malloc.o)
 .comment       0x00000000000000ae       0x58 /usr/lib/gcc/arm-none-eabi/7.3.1/../../../arm-none-eabi/lib/thumb/v6-m/libg.a(lib_a-mallocr.o)
 .comment       0x00000000000000ae       0x58 /usr/lib/gcc/arm-none-eabi/7.3.1/../../../arm-none-eabi/lib/thumb/v6-m/libg.a(lib_a-mlock.o)
 .comment       0x00000000000000ae       0x58 /usr/lib/gcc/arm-none-eabi/7.3.1/../../../arm-none-eabi/lib/thumb/v6-m/libg.a(lib_a-sbrkr.o)
 .comment       0x00000000000000ae       0x58 /usr/lib/gcc/arm-none-eabi/7.3.1/../../../arm-none-eabi/lib/thumb/v6-m/libg.a(lib_a-strlen-stub.o)
 .comment       0x00000000000000ae       0x58 /usr/lib/gcc/arm-none-eabi/7.3.1/../../../arm-none-eabi/lib/thumb/v6-m/libg.a(lib_a-freer.o)
 .comment       0x00000000000000ae       0x58 /usr/lib/gcc/arm-none-eabi/7.3.1/../../../arm-none-eabi/lib/thumb/v6-m/libg.a(lib_a-reent.o)
 .comment       0x00000000000000ae       0x58 /usr/lib/gcc/arm-none-eabi/7.3.1/thumb/v6-m/crtend.o

.debug_info     0x0000000000000000    0x1a652
 .debug_info    0x0000000000000000     0x109d CMakeFiles/rtcSet.dir/rtcSet.c.obj
 .debug_info    0x000000000000109d      0xef2 CMakeFiles/rtcSet.dir/home/nick/pico/pico-sdk/src/rp2_common/hardware_gpio/gpio.c.obj
 .debug_info    0x0000000000001f8f      0x54e CMakeFiles/rtcSet.dir/home/nick/pico/pico-sdk/src/rp2_common/hardware_claim/claim.c.obj
 .debug_info    0x00000000000024dd      0x423 CMakeFiles/rtcSet.dir/home/nick/pico/pico-sdk/src/rp2_common/hardware_sync/sync.c.obj
 .debug_info    0x0000000000002900      0x1b9 CMakeFiles/rtcSet.dir/home/nick/pico/pico-sdk/src/rp2_common/pico_platform/platform.c.obj
 .debug_info    0x0000000000002ab9      0xa10 CMakeFiles/rtcSet.dir/home/nick/pico/pico-sdk/src/rp2_common/hardware_uart/uart.c.obj
 .debug_info    0x00000000000034c9     0x3173 CMakeFiles/rtcSet.dir/home/nick/pico/pico-sdk/src/common/pico_time/time.c.obj
 .debug_info    0x000000000000663c      0xcd8 CMakeFiles/rtcSet.dir/home/nick/pico/pico-sdk/src/rp2_common/hardware_timer/timer.c.obj
 .debug_info    0x0000000000007314      0x1a6 CMakeFiles/rtcSet.dir/home/nick/pico/pico-sdk/src/common/pico_sync/lock_core.c.obj
 .debug_info    0x00000000000074ba      0xb0f CMakeFiles/rtcSet.dir/home/nick/pico/pico-sdk/src/common/pico_sync/mutex.c.obj
 .debug_info    0x0000000000007fc9     0x17af CMakeFiles/rtcSet.dir/home/nick/pico/pico-sdk/src/common/pico_util/pheap.c.obj
 .debug_info    0x0000000000009778     0x10e1 CMakeFiles/rtcSet.dir/home/nick/pico/pico-sdk/src/rp2_common/pico_runtime/runtime.c.obj
 .debug_info    0x000000000000a859      0xe4b CMakeFiles/rtcSet.dir/home/nick/pico/pico-sdk/src/rp2_common/hardware_clocks/clocks.c.obj
 .debug_info    0x000000000000b6a4      0xc21 CMakeFiles/rtcSet.dir/home/nick/pico/pico-sdk/src/rp2_common/hardware_watchdog/watchdog.c.obj
 .debug_info    0x000000000000c2c5      0x1ed CMakeFiles/rtcSet.dir/home/nick/pico/pico-sdk/src/rp2_common/hardware_xosc/xosc.c.obj
 .debug_info    0x000000000000c4b2      0x347 CMakeFiles/rtcSet.dir/home/nick/pico/pico-sdk/src/rp2_common/hardware_pll/pll.c.obj
 .debug_info    0x000000000000c7f9     0x1485 CMakeFiles/rtcSet.dir/home/nick/pico/pico-sdk/src/rp2_common/hardware_irq/irq.c.obj
 .debug_info    0x000000000000dc7e       0x26 CMakeFiles/rtcSet.dir/home/nick/pico/pico-sdk/src/rp2_common/hardware_irq/irq_handler_chain.S.obj
 .debug_info    0x000000000000dca4     0x1d28 CMakeFiles/rtcSet.dir/home/nick/pico/pico-sdk/src/rp2_common/pico_printf/printf.c.obj
 .debug_info    0x000000000000f9cc       0x22 CMakeFiles/rtcSet.dir/home/nick/pico/pico-sdk/src/rp2_common/pico_bit_ops/bit_ops_aeabi.S.obj
 .debug_info    0x000000000000f9ee      0x1f5 CMakeFiles/rtcSet.dir/home/nick/pico/pico-sdk/src/rp2_common/pico_bootrom/bootrom.c.obj
 .debug_info    0x000000000000fbe3       0x22 CMakeFiles/rtcSet.dir/home/nick/pico/pico-sdk/src/rp2_common/pico_divider/divider.S.obj
 .debug_info    0x000000000000fc05       0x22 CMakeFiles/rtcSet.dir/home/nick/pico/pico-sdk/src/rp2_common/pico_double/double_aeabi.S.obj
 .debug_info    0x000000000000fc27      0xa8a CMakeFiles/rtcSet.dir/home/nick/pico/pico-sdk/src/rp2_common/pico_double/double_init_rom.c.obj
 .debug_info    0x00000000000106b1       0x22 CMakeFiles/rtcSet.dir/home/nick/pico/pico-sdk/src/rp2_common/pico_double/double_v1_rom_shim.S.obj
 .debug_info    0x00000000000106d3       0x26 CMakeFiles/rtcSet.dir/home/nick/pico/pico-sdk/src/rp2_common/pico_int64_ops/pico_int64_ops_aeabi.S.obj
 .debug_info    0x00000000000106f9       0x22 CMakeFiles/rtcSet.dir/home/nick/pico/pico-sdk/src/rp2_common/pico_float/float_aeabi.S.obj
 .debug_info    0x000000000001071b      0xad2 CMakeFiles/rtcSet.dir/home/nick/pico/pico-sdk/src/rp2_common/pico_float/float_init_rom.c.obj
 .debug_info    0x00000000000111ed       0x22 CMakeFiles/rtcSet.dir/home/nick/pico/pico-sdk/src/rp2_common/pico_float/float_v1_rom_shim.S.obj
 .debug_info    0x000000000001120f      0x9dd CMakeFiles/rtcSet.dir/home/nick/pico/pico-sdk/src/rp2_common/pico_malloc/pico_malloc.c.obj
 .debug_info    0x0000000000011bec       0x22 CMakeFiles/rtcSet.dir/home/nick/pico/pico-sdk/src/rp2_common/pico_mem_ops/mem_ops_aeabi.S.obj
 .debug_info    0x0000000000011c0e       0x22 CMakeFiles/rtcSet.dir/home/nick/pico/pico-sdk/src/rp2_common/pico_standard_link/crt0.S.obj
 .debug_info    0x0000000000011c30      0x2cc CMakeFiles/rtcSet.dir/home/nick/pico/pico-sdk/src/rp2_common/pico_standard_link/binary_info.c.obj
 .debug_info    0x0000000000011efc     0x166f CMakeFiles/rtcSet.dir/home/nick/pico/pico-sdk/src/rp2_common/pico_stdio/stdio.c.obj
 .debug_info    0x000000000001356b      0xaee CMakeFiles/rtcSet.dir/home/nick/pico/pico-sdk/src/rp2_common/pico_stdio_uart/stdio_uart.c.obj
 .debug_info    0x0000000000014059       0x26 /usr/lib/gcc/arm-none-eabi/7.3.1/thumb/v6-m/libgcc.a(_dvmd_tls.o)
 .debug_info    0x000000000001407f      0x8fa /usr/lib/gcc/arm-none-eabi/7.3.1/../../../arm-none-eabi/lib/thumb/v6-m/libg.a(lib_a-calloc.o)
 .debug_info    0x0000000000014979      0xb5d /usr/lib/gcc/arm-none-eabi/7.3.1/../../../arm-none-eabi/lib/thumb/v6-m/libg.a(lib_a-callocr.o)
 .debug_info    0x00000000000154d6      0x8a9 /usr/lib/gcc/arm-none-eabi/7.3.1/../../../arm-none-eabi/lib/thumb/v6-m/libg.a(lib_a-impure.o)
 .debug_info    0x0000000000015d7f      0x926 /usr/lib/gcc/arm-none-eabi/7.3.1/../../../arm-none-eabi/lib/thumb/v6-m/libg.a(lib_a-malloc.o)
 .debug_info    0x00000000000166a5      0xde7 /usr/lib/gcc/arm-none-eabi/7.3.1/../../../arm-none-eabi/lib/thumb/v6-m/libg.a(lib_a-mallocr.o)
 .debug_info    0x000000000001748c      0x8dc /usr/lib/gcc/arm-none-eabi/7.3.1/../../../arm-none-eabi/lib/thumb/v6-m/libg.a(lib_a-mlock.o)
 .debug_info    0x0000000000017d68      0x95f /usr/lib/gcc/arm-none-eabi/7.3.1/../../../arm-none-eabi/lib/thumb/v6-m/libg.a(lib_a-sbrkr.o)
 .debug_info    0x00000000000186c7      0x8e2 /usr/lib/gcc/arm-none-eabi/7.3.1/../../../arm-none-eabi/lib/thumb/v6-m/libg.a(lib_a-strlen-stub.o)
 .debug_info    0x0000000000018fa9      0xc97 /usr/lib/gcc/arm-none-eabi/7.3.1/../../../arm-none-eabi/lib/thumb/v6-m/libg.a(lib_a-freer.o)
 .debug_info    0x0000000000019c40      0xa12 /usr/lib/gcc/arm-none-eabi/7.3.1/../../../arm-none-eabi/lib/thumb/v6-m/libg.a(lib_a-reent.o)

.debug_abbrev   0x0000000000000000     0x57c5
 .debug_abbrev  0x0000000000000000      0x299 CMakeFiles/rtcSet.dir/rtcSet.c.obj
 .debug_abbrev  0x0000000000000299      0x2c6 CMakeFiles/rtcSet.dir/home/nick/pico/pico-sdk/src/rp2_common/hardware_gpio/gpio.c.obj
 .debug_abbrev  0x000000000000055f      0x229 CMakeFiles/rtcSet.dir/home/nick/pico/pico-sdk/src/rp2_common/hardware_claim/claim.c.obj
 .debug_abbrev  0x0000000000000788      0x1ce CMakeFiles/rtcSet.dir/home/nick/pico/pico-sdk/src/rp2_common/hardware_sync/sync.c.obj
 .debug_abbrev  0x0000000000000956       0xda CMakeFiles/rtcSet.dir/home/nick/pico/pico-sdk/src/rp2_common/pico_platform/platform.c.obj
 .debug_abbrev  0x0000000000000a30      0x298 CMakeFiles/rtcSet.dir/home/nick/pico/pico-sdk/src/rp2_common/hardware_uart/uart.c.obj
 .debug_abbrev  0x0000000000000cc8      0x58b CMakeFiles/rtcSet.dir/home/nick/pico/pico-sdk/src/common/pico_time/time.c.obj
 .debug_abbrev  0x0000000000001253      0x2d5 CMakeFiles/rtcSet.dir/home/nick/pico/pico-sdk/src/rp2_common/hardware_timer/timer.c.obj
 .debug_abbrev  0x0000000000001528      0x116 CMakeFiles/rtcSet.dir/home/nick/pico/pico-sdk/src/common/pico_sync/lock_core.c.obj
 .debug_abbrev  0x000000000000163e      0x2d9 CMakeFiles/rtcSet.dir/home/nick/pico/pico-sdk/src/common/pico_sync/mutex.c.obj
 .debug_abbrev  0x0000000000001917      0x376 CMakeFiles/rtcSet.dir/home/nick/pico/pico-sdk/src/common/pico_util/pheap.c.obj
 .debug_abbrev  0x0000000000001c8d      0x3cc CMakeFiles/rtcSet.dir/home/nick/pico/pico-sdk/src/rp2_common/pico_runtime/runtime.c.obj
 .debug_abbrev  0x0000000000002059      0x337 CMakeFiles/rtcSet.dir/home/nick/pico/pico-sdk/src/rp2_common/hardware_clocks/clocks.c.obj
 .debug_abbrev  0x0000000000002390      0x27f CMakeFiles/rtcSet.dir/home/nick/pico/pico-sdk/src/rp2_common/hardware_watchdog/watchdog.c.obj
 .debug_abbrev  0x000000000000260f      0x10d CMakeFiles/rtcSet.dir/home/nick/pico/pico-sdk/src/rp2_common/hardware_xosc/xosc.c.obj
 .debug_abbrev  0x000000000000271c      0x18f CMakeFiles/rtcSet.dir/home/nick/pico/pico-sdk/src/rp2_common/hardware_pll/pll.c.obj
 .debug_abbrev  0x00000000000028ab      0x3f3 CMakeFiles/rtcSet.dir/home/nick/pico/pico-sdk/src/rp2_common/hardware_irq/irq.c.obj
 .debug_abbrev  0x0000000000002c9e       0x14 CMakeFiles/rtcSet.dir/home/nick/pico/pico-sdk/src/rp2_common/hardware_irq/irq_handler_chain.S.obj
 .debug_abbrev  0x0000000000002cb2      0x402 CMakeFiles/rtcSet.dir/home/nick/pico/pico-sdk/src/rp2_common/pico_printf/printf.c.obj
 .debug_abbrev  0x00000000000030b4       0x12 CMakeFiles/rtcSet.dir/home/nick/pico/pico-sdk/src/rp2_common/pico_bit_ops/bit_ops_aeabi.S.obj
 .debug_abbrev  0x00000000000030c6       0xe3 CMakeFiles/rtcSet.dir/home/nick/pico/pico-sdk/src/rp2_common/pico_bootrom/bootrom.c.obj
 .debug_abbrev  0x00000000000031a9       0x12 CMakeFiles/rtcSet.dir/home/nick/pico/pico-sdk/src/rp2_common/pico_divider/divider.S.obj
 .debug_abbrev  0x00000000000031bb       0x12 CMakeFiles/rtcSet.dir/home/nick/pico/pico-sdk/src/rp2_common/pico_double/double_aeabi.S.obj
 .debug_abbrev  0x00000000000031cd      0x263 CMakeFiles/rtcSet.dir/home/nick/pico/pico-sdk/src/rp2_common/pico_double/double_init_rom.c.obj
 .debug_abbrev  0x0000000000003430       0x12 CMakeFiles/rtcSet.dir/home/nick/pico/pico-sdk/src/rp2_common/pico_double/double_v1_rom_shim.S.obj
 .debug_abbrev  0x0000000000003442       0x14 CMakeFiles/rtcSet.dir/home/nick/pico/pico-sdk/src/rp2_common/pico_int64_ops/pico_int64_ops_aeabi.S.obj
 .debug_abbrev  0x0000000000003456       0x12 CMakeFiles/rtcSet.dir/home/nick/pico/pico-sdk/src/rp2_common/pico_float/float_aeabi.S.obj
 .debug_abbrev  0x0000000000003468      0x282 CMakeFiles/rtcSet.dir/home/nick/pico/pico-sdk/src/rp2_common/pico_float/float_init_rom.c.obj
 .debug_abbrev  0x00000000000036ea       0x12 CMakeFiles/rtcSet.dir/home/nick/pico/pico-sdk/src/rp2_common/pico_float/float_v1_rom_shim.S.obj
 .debug_abbrev  0x00000000000036fc      0x245 CMakeFiles/rtcSet.dir/home/nick/pico/pico-sdk/src/rp2_common/pico_malloc/pico_malloc.c.obj
 .debug_abbrev  0x0000000000003941       0x12 CMakeFiles/rtcSet.dir/home/nick/pico/pico-sdk/src/rp2_common/pico_mem_ops/mem_ops_aeabi.S.obj
 .debug_abbrev  0x0000000000003953       0x12 CMakeFiles/rtcSet.dir/home/nick/pico/pico-sdk/src/rp2_common/pico_standard_link/crt0.S.obj
 .debug_abbrev  0x0000000000003965       0x9f CMakeFiles/rtcSet.dir/home/nick/pico/pico-sdk/src/rp2_common/pico_standard_link/binary_info.c.obj
 .debug_abbrev  0x0000000000003a04      0x527 CMakeFiles/rtcSet.dir/home/nick/pico/pico-sdk/src/rp2_common/pico_stdio/stdio.c.obj
 .debug_abbrev  0x0000000000003f2b      0x37b CMakeFiles/rtcSet.dir/home/nick/pico/pico-sdk/src/rp2_common/pico_stdio_uart/stdio_uart.c.obj
 .debug_abbrev  0x00000000000042a6       0x14 /usr/lib/gcc/arm-none-eabi/7.3.1/thumb/v6-m/libgcc.a(_dvmd_tls.o)
 .debug_abbrev  0x00000000000042ba      0x1f1 /usr/lib/gcc/arm-none-eabi/7.3.1/../../../arm-none-eabi/lib/thumb/v6-m/libg.a(lib_a-calloc.o)
 .debug_abbrev  0x00000000000044ab      0x235 /usr/lib/gcc/arm-none-eabi/7.3.1/../../../arm-none-eabi/lib/thumb/v6-m/libg.a(lib_a-callocr.o)
 .debug_abbrev  0x00000000000046e0      0x192 /usr/lib/gcc/arm-none-eabi/7.3.1/../../../arm-none-eabi/lib/thumb/v6-m/libg.a(lib_a-impure.o)
 .debug_abbrev  0x0000000000004872      0x1fc /usr/lib/gcc/arm-none-eabi/7.3.1/../../../arm-none-eabi/lib/thumb/v6-m/libg.a(lib_a-malloc.o)
 .debug_abbrev  0x0000000000004a6e      0x2cd /usr/lib/gcc/arm-none-eabi/7.3.1/../../../arm-none-eabi/lib/thumb/v6-m/libg.a(lib_a-mallocr.o)
 .debug_abbrev  0x0000000000004d3b      0x1d7 /usr/lib/gcc/arm-none-eabi/7.3.1/../../../arm-none-eabi/lib/thumb/v6-m/libg.a(lib_a-mlock.o)
 .debug_abbrev  0x0000000000004f12      0x215 /usr/lib/gcc/arm-none-eabi/7.3.1/../../../arm-none-eabi/lib/thumb/v6-m/libg.a(lib_a-sbrkr.o)
 .debug_abbrev  0x0000000000005127      0x1b8 /usr/lib/gcc/arm-none-eabi/7.3.1/../../../arm-none-eabi/lib/thumb/v6-m/libg.a(lib_a-strlen-stub.o)
 .debug_abbrev  0x00000000000052df      0x273 /usr/lib/gcc/arm-none-eabi/7.3.1/../../../arm-none-eabi/lib/thumb/v6-m/libg.a(lib_a-freer.o)
 .debug_abbrev  0x0000000000005552      0x273 /usr/lib/gcc/arm-none-eabi/7.3.1/../../../arm-none-eabi/lib/thumb/v6-m/libg.a(lib_a-reent.o)

.debug_loc      0x0000000000000000     0xa8d3
 .debug_loc     0x0000000000000000       0xba CMakeFiles/rtcSet.dir/rtcSet.c.obj
 .debug_loc     0x00000000000000ba      0x9b2 CMakeFiles/rtcSet.dir/home/nick/pico/pico-sdk/src/rp2_common/hardware_gpio/gpio.c.obj
 .debug_loc     0x0000000000000a6c      0x34f CMakeFiles/rtcSet.dir/home/nick/pico/pico-sdk/src/rp2_common/hardware_claim/claim.c.obj
 .debug_loc     0x0000000000000dbb      0x157 CMakeFiles/rtcSet.dir/home/nick/pico/pico-sdk/src/rp2_common/hardware_sync/sync.c.obj